Component: ARM Compiler 5.06 update 7 (build 960) Tool: armlink [4d3601]

==============================================================================

Section Cross References

    startup_stm32f103xe.o(STACK) refers (Special) to heapauxi.o(.text) for __use_two_region_memory
    startup_stm32f103xe.o(HEAP) refers (Special) to heapauxi.o(.text) for __use_two_region_memory
    startup_stm32f103xe.o(RESET) refers (Special) to heapauxi.o(.text) for __use_two_region_memory
    startup_stm32f103xe.o(RESET) refers to startup_stm32f103xe.o(STACK) for __initial_sp
    startup_stm32f103xe.o(RESET) refers to startup_stm32f103xe.o(.text) for Reset_Handler
    startup_stm32f103xe.o(RESET) refers to stm32f1xx_it.o(i.NMI_Handler) for NMI_Handler
    startup_stm32f103xe.o(RESET) refers to stm32f1xx_it.o(i.HardFault_Handler) for HardFault_Handler
    startup_stm32f103xe.o(RESET) refers to stm32f1xx_it.o(i.MemManage_Handler) for MemManage_Handler
    startup_stm32f103xe.o(RESET) refers to stm32f1xx_it.o(i.BusFault_Handler) for BusFault_Handler
    startup_stm32f103xe.o(RESET) refers to stm32f1xx_it.o(i.UsageFault_Handler) for UsageFault_Handler
    startup_stm32f103xe.o(RESET) refers to port.o(.emb_text) for SVC_Handler
    startup_stm32f103xe.o(RESET) refers to stm32f1xx_it.o(i.DebugMon_Handler) for DebugMon_Handler
    startup_stm32f103xe.o(RESET) refers to port.o(i.SysTick_Handler) for SysTick_Handler
    startup_stm32f103xe.o(RESET) refers to stm32f1xx_it.o(i.TIM5_IRQHandler) for TIM5_IRQHandler
    startup_stm32f103xe.o(.text) refers (Special) to heapauxi.o(.text) for __use_two_region_memory
    startup_stm32f103xe.o(.text) refers to system_stm32f1xx.o(i.SystemInit) for SystemInit
    startup_stm32f103xe.o(.text) refers to __main.o(!!!main) for __main
    startup_stm32f103xe.o(.text) refers to startup_stm32f103xe.o(HEAP) for Heap_Mem
    startup_stm32f103xe.o(.text) refers to startup_stm32f103xe.o(STACK) for Stack_Mem
    main.o(i.HAL_TIM_PeriodElapsedCallback) refers to stm32f1xx_hal.o(i.HAL_IncTick) for HAL_IncTick
    main.o(i.SystemClock_Config) refers to rt_memclr_w.o(.text) for __aeabi_memclr4
    main.o(i.SystemClock_Config) refers to stm32f1xx_hal_rcc.o(i.HAL_RCC_OscConfig) for HAL_RCC_OscConfig
    main.o(i.SystemClock_Config) refers to stm32f1xx_hal_rcc.o(i.HAL_RCC_ClockConfig) for HAL_RCC_ClockConfig
    main.o(i.main) refers to stm32f1xx_hal.o(i.HAL_Init) for HAL_Init
    main.o(i.main) refers to main.o(i.SystemClock_Config) for SystemClock_Config
    main.o(i.main) refers to gpio.o(i.MX_GPIO_Init) for MX_GPIO_Init
    main.o(i.main) refers to tim.o(i.MX_TIM4_Init) for MX_TIM4_Init
    main.o(i.main) refers to fsmc.o(i.MX_FSMC_Init) for MX_FSMC_Init
    main.o(i.main) refers to lcd.o(i.LCD_Init) for LCD_Init
    main.o(i.main) refers to lcd.o(i.LCD_ShowString) for LCD_ShowString
    main.o(i.main) refers to cmsis_os2.o(i.osKernelInitialize) for osKernelInitialize
    main.o(i.main) refers to freertos.o(i.MX_FREERTOS_Init) for MX_FREERTOS_Init
    main.o(i.main) refers to cmsis_os2.o(i.osKernelStart) for osKernelStart
    main.o(i.main) refers to lcd.o(.data) for POINT_COLOR
    gpio.o(i.MX_GPIO_Init) refers to stm32f1xx_hal_gpio.o(i.HAL_GPIO_WritePin) for HAL_GPIO_WritePin
    gpio.o(i.MX_GPIO_Init) refers to stm32f1xx_hal_gpio.o(i.HAL_GPIO_Init) for HAL_GPIO_Init
    freertos.o(i.MX_FREERTOS_Init) refers to cmsis_os2.o(i.osThreadNew) for osThreadNew
    freertos.o(i.MX_FREERTOS_Init) refers to freertos.o(.constdata) for .constdata
    freertos.o(i.MX_FREERTOS_Init) refers to freertos.o(i.StartDefaultTask) for StartDefaultTask
    freertos.o(i.MX_FREERTOS_Init) refers to freertos.o(.data) for .data
    freertos.o(i.StartDefaultTask) refers to cmsis_os2.o(i.osDelay) for osDelay
    freertos.o(.constdata) refers to freertos.o(.conststring) for .conststring
    fsmc.o(i.HAL_FSMC_MspInit) refers to stm32f1xx_hal_gpio.o(i.HAL_GPIO_Init) for HAL_GPIO_Init
    fsmc.o(i.HAL_FSMC_MspInit) refers to fsmc.o(.data) for .data
    fsmc.o(i.HAL_SRAM_MspDeInit) refers to stm32f1xx_hal_gpio.o(i.HAL_GPIO_DeInit) for HAL_GPIO_DeInit
    fsmc.o(i.HAL_SRAM_MspDeInit) refers to fsmc.o(.data) for .data
    fsmc.o(i.HAL_SRAM_MspInit) refers to fsmc.o(i.HAL_FSMC_MspInit) for HAL_FSMC_MspInit
    fsmc.o(i.MX_FSMC_Init) refers to rt_memclr_w.o(.text) for __aeabi_memclr4
    fsmc.o(i.MX_FSMC_Init) refers to stm32f1xx_hal_sram.o(i.HAL_SRAM_Init) for HAL_SRAM_Init
    fsmc.o(i.MX_FSMC_Init) refers to main.o(i.Error_Handler) for Error_Handler
    fsmc.o(i.MX_FSMC_Init) refers to fsmc.o(.bss) for .bss
    tim.o(i.HAL_TIM_MspPostInit) refers to stm32f1xx_hal_gpio.o(i.HAL_GPIO_Init) for HAL_GPIO_Init
    tim.o(i.MX_TIM4_Init) refers to rt_memclr_w.o(.text) for __aeabi_memclr4
    tim.o(i.MX_TIM4_Init) refers to stm32f1xx_hal_tim.o(i.HAL_TIM_Base_Init) for HAL_TIM_Base_Init
    tim.o(i.MX_TIM4_Init) refers to main.o(i.Error_Handler) for Error_Handler
[...]
    i.HAL_NVIC_SetPriority                   0x08000984   Section        0  stm32f1xx_hal_cortex.o(i.HAL_NVIC_SetPriority)
    i.HAL_NVIC_SetPriorityGrouping           0x080009c4   Section        0  stm32f1xx_hal_cortex.o(i.HAL_NVIC_SetPriorityGrouping)
    i.HAL_RCC_ClockConfig                    0x080009e8   Section        0  stm32f1xx_hal_rcc.o(i.HAL_RCC_ClockConfig)
    i.HAL_RCC_GetClockConfig                 0x08000b14   Section        0  stm32f1xx_hal_rcc.o(i.HAL_RCC_GetClockConfig)
    i.HAL_RCC_GetPCLK1Freq                   0x08000b54   Section        0  stm32f1xx_hal_rcc.o(i.HAL_RCC_GetPCLK1Freq)
    i.HAL_RCC_GetSysClockFreq                0x08000b74   Section        0  stm32f1xx_hal_rcc.o(i.HAL_RCC_GetSysClockFreq)
    i.HAL_RCC_OscConfig                      0x08000bc0   Section        0  stm32f1xx_hal_rcc.o(i.HAL_RCC_OscConfig)
    i.HAL_SRAM_Init                          0x08000ee0   Section        0  stm32f1xx_hal_sram.o(i.HAL_SRAM_Init)
    i.HAL_SRAM_MspInit                       0x08000f44   Section        0  fsmc.o(i.HAL_SRAM_MspInit)
    i.HAL_TIMEx_BreakCallback                0x08000f48   Section        0  stm32f1xx_hal_tim_ex.o(i.HAL_TIMEx_BreakCallback)
    i.HAL_TIMEx_CommutCallback               0x08000f4a   Section        0  stm32f1xx_hal_tim_ex.o(i.HAL_TIMEx_CommutCallback)
    i.HAL_TIMEx_MasterConfigSynchronization  0x08000f4c   Section        0  stm32f1xx_hal_tim_ex.o(i.HAL_TIMEx_MasterConfigSynchronization)
    i.HAL_TIM_Base_Init                      0x08000fc8   Section        0  stm32f1xx_hal_tim.o(i.HAL_TIM_Base_Init)
    i.HAL_TIM_Base_MspInit                   0x08001024   Section        0  tim.o(i.HAL_TIM_Base_MspInit)
    i.HAL_TIM_Base_Start_IT                  0x0800104c   Section        0  stm32f1xx_hal_tim.o(i.HAL_TIM_Base_Start_IT)
    i.HAL_TIM_ConfigClockSource              0x080010b8   Section        0  stm32f1xx_hal_tim.o(i.HAL_TIM_ConfigClockSource)
    i.HAL_TIM_IC_CaptureCallback             0x08001194   Section        0  stm32f1xx_hal_tim.o(i.HAL_TIM_IC_CaptureCallback)
    i.HAL_TIM_IRQHandler                     0x08001196   Section        0  stm32f1xx_hal_tim.o(i.HAL_TIM_IRQHandler)
    i.HAL_TIM_MspPostInit                    0x080012fc   Section        0  tim.o(i.HAL_TIM_MspPostInit)
    i.HAL_TIM_OC_DelayElapsedCallback        0x08001348   Section        0  stm32f1xx_hal_tim.o(i.HAL_TIM_OC_DelayElapsedCallback)
    i.HAL_TIM_PWM_ConfigChannel              0x0800134a   Section        0  stm32f1xx_hal_tim.o(i.HAL_TIM_PWM_ConfigChannel)
    i.HAL_TIM_PWM_Init                       0x08001416   Section        0  stm32f1xx_hal_tim.o(i.HAL_TIM_PWM_Init)
    i.HAL_TIM_PWM_MspInit                    0x08001470   Section        0  stm32f1xx_hal_tim.o(i.HAL_TIM_PWM_MspInit)
    i.HAL_TIM_PWM_PulseFinishedCallback      0x08001472   Section        0  stm32f1xx_hal_tim.o(i.HAL_TIM_PWM_PulseFinishedCallback)
    i.HAL_TIM_PeriodElapsedCallback          0x08001474   Section        0  main.o(i.HAL_TIM_PeriodElapsedCallback)
    i.HAL_TIM_TriggerCallback                0x08001488   Section        0  stm32f1xx_hal_tim.o(i.HAL_TIM_TriggerCallback)
    i.HardFault_Handler                      0x0800148a   Section        0  stm32f1xx_it.o(i.HardFault_Handler)
    i.LCD_Clear                              0x0800148c   Section        0  lcd.o(i.LCD_Clear)
    i.LCD_Display_Dir                        0x080014c0   Section        0  lcd.o(i.LCD_Display_Dir)
    i.LCD_Fast_DrawPoint                     0x080015f0   Section        0  lcd.o(i.LCD_Fast_DrawPoint)
    i.LCD_Init                               0x080016e0   Section        0  lcd.o(i.LCD_Init)
    i.LCD_RD_DATA                            0x08003c4c   Section        0  lcd.o(i.LCD_RD_DATA)
    i.LCD_SSD_BackLightSet                   0x08003c58   Section        0  lcd.o(i.LCD_SSD_BackLightSet)
    i.LCD_Scan_Dir                           0x08003cac   Section        0  lcd.o(i.LCD_Scan_Dir)
    i.LCD_SetCursor                          0x08003ee0   Section        0  lcd.o(i.LCD_SetCursor)
    i.LCD_ShowChar                           0x08004000   Section        0  lcd.o(i.LCD_ShowChar)
    i.LCD_ShowString                         0x0800412c   Section        0  lcd.o(i.LCD_ShowString)
    i.LCD_WR_DATA                            0x08004194   Section        0  lcd.o(i.LCD_WR_DATA)
    i.LCD_WR_REG                             0x080041a0   Section        0  lcd.o(i.LCD_WR_REG)
    i.LCD_WriteRAM_Prepare                   0x080041ac   Section        0  lcd.o(i.LCD_WriteRAM_Prepare)
    i.LCD_WriteReg                           0x080041c0   Section        0  lcd.o(i.LCD_WriteReg)
    i.MX_FREERTOS_Init                       0x080041d0   Section        0  freertos.o(i.MX_FREERTOS_Init)
    i.MX_FSMC_Init                           0x080041f0   Section        0  fsmc.o(i.MX_FSMC_Init)
    i.MX_GPIO_Init                           0x08004284   Section        0  gpio.o(i.MX_GPIO_Init)
    i.MX_TIM4_Init                           0x08004358   Section        0  tim.o(i.MX_TIM4_Init)
    i.MemManage_Handler                      0x080043f8   Section        0  stm32f1xx_it.o(i.MemManage_Handler)
    i.NMI_Handler                            0x080043fa   Section        0  stm32f1xx_it.o(i.NMI_Handler)
    i.StartDefaultTask                       0x080043fc   Section        0  freertos.o(i.StartDefaultTask)
    i.SysTick_Handler                        0x08004404   Section        0  port.o(i.SysTick_Handler)
    i.SystemClock_Config                     0x08004430   Section        0  main.o(i.SystemClock_Config)
    i.SystemInit                             0x0800448e   Section        0  system_stm32f1xx.o(i.SystemInit)
    i.TIM5_IRQHandler                        0x08004490   Section        0  stm32f1xx_it.o(i.TIM5_IRQHandler)
    i.TIM_Base_SetConfig                     0x0800449c   Section        0  stm32f1xx_hal_tim.o(i.TIM_Base_SetConfig)
    i.TIM_ETR_SetConfig                      0x08004528   Section        0  stm32f1xx_hal_tim.o(i.TIM_ETR_SetConfig)
    i.TIM_ITRx_SetConfig                     0x0800453c   Section        0  stm32f1xx_hal_tim.o(i.TIM_ITRx_SetConfig)
    TIM_ITRx_SetConfig                       0x0800453d   Thumb Code    16  stm32f1xx_hal_tim.o(i.TIM_ITRx_SetConfig)
    i.TIM_OC1_SetConfig                      0x0800454c   Section        0  stm32f1xx_hal_tim.o(i.TIM_OC1_SetConfig)
    TIM_OC1_SetConfig                        0x0800454d   Thumb Code    88  stm32f1xx_hal_tim.o(i.TIM_OC1_SetConfig)
    i.TIM_OC2_SetConfig                      0x080045ac   Section        0  stm32f1xx_hal_tim.o(i.TIM_OC2_SetConfig)
    i.TIM_OC3_SetConfig                      0x08004618   Section        0  stm32f1xx_hal_tim.o(i.TIM_OC3_SetConfig)
    TIM_OC3_SetConfig                        0x08004619   Thumb Code    96  stm32f1xx_hal_tim.o(i.TIM_OC3_SetConfig)
    i.TIM_OC4_SetConfig                      0x08004680   Section        0  stm32f1xx_hal_tim.o(i.TIM_OC4_SetConfig)
    TIM_OC4_SetConfig                        0x08004681   Thumb Code    70  stm32f1xx_hal_tim.o(i.TIM_OC4_SetConfig)
    i.TIM_TI1_ConfigInputStage               0x080046d0   Section        0  stm32f1xx_hal_tim.o(i.TIM_TI1_ConfigInputStage)
    TIM_TI1_ConfigInputStage                 0x080046d1   Thumb Code    34  stm32f1xx_hal_tim.o(i.TIM_TI1_ConfigInputStage)
    i.TIM_TI2_ConfigInputStage               0x080046f2   Section        0  stm32f1xx_hal_tim.o(i.TIM_TI2_ConfigInputStage)
    TIM_TI2_ConfigInputStage                 0x080046f3   Thumb Code    36  stm32f1xx_hal_tim.o(i.TIM_TI2_ConfigInputStage)
    i.UsageFault_Handler                     0x08004716   Section        0  stm32f1xx_it.o(i.UsageFault_Handler)
    i.__NVIC_SetPriority                     0x08004718   Section        0  stm32f1xx_hal_cortex.o(i.__NVIC_SetPriority)
    __NVIC_SetPriority                       0x08004719   Thumb Code    32  stm32f1xx_hal_cortex.o(i.__NVIC_SetPriority)
    i.main                                   0x08004738   Section        0  main.o(i.main)
    i.osDelay                                0x08004820   Section        0  cmsis_os2.o(i.osDelay)
    i.osKernelInitialize                     0x08004854   Section        0  cmsis_os2.o(i.osKernelInitialize)
    i.osKernelStart                          0x0800488c   Section        0  cmsis_os2.o(i.osKernelStart)
    i.osThreadNew                            0x080048cc   Section        0  cmsis_os2.o(i.osThreadNew)
    i.prvAddCurrentTaskToDelayedList         0x08004970   Section        0  tasks.o(i.prvAddCurrentTaskToDelayedList)
    prvAddCurrentTaskToDelayedList           0x08004971   Thumb Code    84  tasks.o(i.prvAddCurrentTaskToDelayedList)
    i.prvAddNewTaskToReadyList               0x080049cc   Section        0  tasks.o(i.prvAddNewTaskToReadyList)
    prvAddNewTaskToReadyList                 0x080049cd   Thumb Code   190  tasks.o(i.prvAddNewTaskToReadyList)
    i.prvCheckForValidListAndQueue           0x08004a9c   Section        0  timers.o(i.prvCheckForValidListAndQueue)
    prvCheckForValidListAndQueue             0x08004a9d   Thumb Code    72  timers.o(i.prvCheckForValidListAndQueue)
    i.prvCopyDataFromQueue                   0x08004af4   Section        0  queue.o(i.prvCopyDataFromQueue)
    prvCopyDataFromQueue                     0x08004af5   Thumb Code    38  queue.o(i.prvCopyDataFromQueue)
    i.prvCopyDataToQueue                     0x08004b1a   Section        0  queue.o(i.prvCopyDataToQueue)
    prvCopyDataToQueue                       0x08004b1b   Thumb Code   108  queue.o(i.prvCopyDataToQueue)
    i.prvDeleteTCB                           0x08004b86   Section        0  tasks.o(i.prvDeleteTCB)
    prvDeleteTCB                             0x08004b87   Thumb Code    52  tasks.o(i.prvDeleteTCB)
    i.prvHeapInit                            0x08004bbc   Section        0  heap_4.o(i.prvHeapInit)
    prvHeapInit                              0x08004bbd   Thumb Code    66  heap_4.o(i.prvHeapInit)
    i.prvIdleTask                            0x08004c08   Section        0  tasks.o(i.prvIdleTask)
    prvIdleTask                              0x08004c09   Thumb Code    82  tasks.o(i.prvIdleTask)
    i.prvInitialiseNewQueue                  0x08004c68   Section        0  queue.o(i.prvInitialiseNewQueue)
    prvInitialiseNewQueue                    0x08004c69   Thumb Code    34  queue.o(i.prvInitialiseNewQueue)
    i.prvInitialiseNewTask                   0x08004c8a   Section        0  tasks.o(i.prvInitialiseNewTask)
    prvInitialiseNewTask                     0x08004c8b   Thumb Code   156  tasks.o(i.prvInitialiseNewTask)
    i.prvInsertBlockIntoFreeList             0x08004d28   Section        0  heap_4.o(i.prvInsertBlockIntoFreeList)
    prvInsertBlockIntoFreeList               0x08004d29   Thumb Code    72  heap_4.o(i.prvInsertBlockIntoFreeList)
    i.prvInsertTimerInActiveList             0x08004d74   Section        0  timers.o(i.prvInsertTimerInActiveList)
    prvInsertTimerInActiveList               0x08004d75   Thumb Code    52  timers.o(i.prvInsertTimerInActiveList)
    i.prvIsQueueEmpty                        0x08004dac   Section        0  queue.o(i.prvIsQueueEmpty)
    prvIsQueueEmpty                          0x08004dad   Thumb Code    28  queue.o(i.prvIsQueueEmpty)
    i.prvProcessReceivedCommands             0x08004dc8   Section        0  timers.o(i.prvProcessReceivedCommands)
    prvProcessReceivedCommands               0x08004dc9   Thumb Code   198  timers.o(i.prvProcessReceivedCommands)
    i.prvProcessTimerOrBlockTask             0x08004e94   Section        0  timers.o(i.prvProcessTimerOrBlockTask)
    prvProcessTimerOrBlockTask               0x08004e95   Thumb Code   172  timers.o(i.prvProcessTimerOrBlockTask)
    i.prvResetNextTaskUnblockTime            0x08004f48   Section        0  tasks.o(i.prvResetNextTaskUnblockTime)
    prvResetNextTaskUnblockTime              0x08004f49   Thumb Code    26  tasks.o(i.prvResetNextTaskUnblockTime)
    i.prvSampleTimeNow                       0x08004f68   Section        0  timers.o(i.prvSampleTimeNow)
    prvSampleTimeNow                         0x08004f69   Thumb Code    36  timers.o(i.prvSampleTimeNow)
    i.prvSwitchTimerLists                    0x08004f90   Section        0  timers.o(i.prvSwitchTimerLists)
    prvSwitchTimerLists                      0x08004f91   Thumb Code   102  timers.o(i.prvSwitchTimerLists)
    i.prvTaskExitError                       0x08004ffc   Section        0  port.o(i.prvTaskExitError)
    prvTaskExitError                         0x08004ffd   Thumb Code    36  port.o(i.prvTaskExitError)
    i.prvTimerTask                           0x08005024   Section        0  timers.o(i.prvTimerTask)
    prvTimerTask                             0x08005025   Thumb Code    32  timers.o(i.prvTimerTask)
    i.prvUnlockQueue                         0x08005048   Section        0  queue.o(i.prvUnlockQueue)
    prvUnlockQueue                           0x08005049   Thumb Code   106  queue.o(i.prvUnlockQueue)
    i.pvPortMalloc                           0x080050b4   Section        0  heap_4.o(i.pvPortMalloc)
    i.pxPortInitialiseStack                  0x0800518c   Section        0  port.o(i.pxPortInitialiseStack)
    i.uxListRemove                           0x080051b0   Section        0  list.o(i.uxListRemove)
    i.vApplicationGetIdleTaskMemory          0x080051d8   Section        0  cmsis_os2.o(i.vApplicationGetIdleTaskMemory)
    i.vApplicationGetTimerTaskMemory         0x080051ec   Section        0  cmsis_os2.o(i.vApplicationGetTimerTaskMemory)
    i.vListInitialise                        0x08005204   Section        0  list.o(i.vListInitialise)
    i.vListInitialiseItem                    0x0800521a   Section        0  list.o(i.vListInitialiseItem)
    i.vListInsert                            0x08005220   Section        0  list.o(i.vListInsert)
    i.vListInsertEnd                         0x08005250   Section        0  list.o(i.vListInsertEnd)
    i.vPortEnterCritical                     0x08005268   Section        0  port.o(i.vPortEnterCritical)
    i.vPortExitCritical                      0x080052a8   Section        0  port.o(i.vPortExitCritical)
    i.vPortFree                              0x080052d0   Section        0  heap_4.o(i.vPortFree)
    i.vPortSetupTimerInterrupt               0x0800532c   Section        0  port.o(i.vPortSetupTimerInterrupt)
    i.vPortValidateInterruptPriority         0x08005350   Section        0  port.o(i.vPortValidateInterruptPriority)
    i.vQueueAddToRegistry                    0x080053a4   Section        0  queue.o(i.vQueueAddToRegistry)
    i.vQueueWaitForMessageRestricted         0x080053cc   Section        0  queue.o(i.vQueueWaitForMessageRestricted)
    i.vTaskDelay                             0x08005410   Section        0  tasks.o(i.vTaskDelay)
    i.vTaskInternalSetTimeOutState           0x0800545c   Section        0  tasks.o(i.vTaskInternalSetTimeOutState)
    i.vTaskMissedYield                       0x0800546c   Section        0  tasks.o(i.vTaskMissedYield)
    i.vTaskPlaceOnEventList                  0x08005478   Section        0  tasks.o(i.vTaskPlaceOnEventList)
    i.vTaskPlaceOnEventListRestricted        0x080054a8   Section        0  tasks.o(i.vTaskPlaceOnEventListRestricted)
    i.vTaskStartScheduler                    0x080054e0   Section        0  tasks.o(i.vTaskStartScheduler)
    i.vTaskSuspendAll                        0x08005568   Section        0  tasks.o(i.vTaskSuspendAll)
    i.vTaskSwitchContext                     0x08005578   Section        0  tasks.o(i.vTaskSwitchContext)
    i.xPortStartScheduler                    0x080055dc   Section        0  port.o(i.xPortStartScheduler)
    i.xQueueGenericCreateStatic              0x08005684   Section        0  queue.o(i.xQueueGenericCreateStatic)
    i.xQueueGenericReset                     0x080056ec   Section        0  queue.o(i.xQueueGenericReset)
    i.xQueueGenericSend                      0x08005774   Section        0  queue.o(i.xQueueGenericSend)
    i.xQueueGenericSendFromISR               0x080058d4   Section        0  queue.o(i.xQueueGenericSendFromISR)
    i.xQueueReceive                          0x08005990   Section        0  queue.o(i.xQueueReceive)
    i.xTaskCheckForTimeOut                   0x08005ac8   Section        0  tasks.o(i.xTaskCheckForTimeOut)
    i.xTaskCreate                            0x08005b3c   Section        0  tasks.o(i.xTaskCreate)
    i.xTaskCreateStatic                      0x08005b96   Section        0  tasks.o(i.xTaskCreateStatic)
    i.xTaskGetSchedulerState                 0x08005bec   Section        0  tasks.o(i.xTaskGetSchedulerState)
    i.xTaskGetTickCount                      0x08005c08   Section        0  tasks.o(i.xTaskGetTickCount)
    i.xTaskIncrementTick                     0x08005c14   Section        0  tasks.o(i.xTaskIncrementTick)
    i.xTaskPriorityDisinherit                0x08005cdc   Section        0  tasks.o(i.xTaskPriorityDisinherit)
    i.xTaskRemoveFromEventList               0x08005d5c   Section        0  tasks.o(i.xTaskRemoveFromEventList)
    i.xTaskResumeAll                         0x08005dcc   Section        0  tasks.o(i.xTaskResumeAll)
    i.xTimerCreateTimerTask                  0x08005e90   Section        0  timers.o(i.xTimerCreateTimerTask)
    i.xTimerGenericCommand                   0x08005ef0   Section        0  timers.o(i.xTimerGenericCommand)
    x$fpl$dfixu                              0x08005f58   Section       90  dfixu.o(x$fpl$dfixu)
    x$fpl$dfltu                              0x08005fb2   Section       38  dflt_clz.o(x$fpl$dfltu)
    x$fpl$dmul                               0x08005fd8   Section      340  dmul.o(x$fpl$dmul)
    x$fpl$dnaninf                            0x0800612c   Section      156  dnaninf.o(x$fpl$dnaninf)
    x$fpl$dretinf                            0x080061c8   Section       12  dretinf.o(x$fpl$dretinf)
    .constdata                               0x080061d4   Section       36  freertos.o(.constdata)
    x$fpl$usenofp                            0x080061d4   Section        0  usenofp.o(x$fpl$usenofp)
    .constdata                               0x080061f8   Section       18  stm32f1xx_hal_rcc.o(.constdata)
    aPredivFactorTable                       0x080061f8   Data           2  stm32f1xx_hal_rcc.o(.constdata)
    aPLLMULFactorTable                       0x080061fa   Data          16  stm32f1xx_hal_rcc.o(.constdata)
    .constdata                               0x0800620a   Section       16  system_stm32f1xx.o(.constdata)
    .constdata                               0x0800621a   Section        8  system_stm32f1xx.o(.constdata)
    .constdata                               0x08006222   Section     6080  lcd.o(.constdata)
    .conststring                             0x080079e4   Section       12  freertos.o(.conststring)
    .data                                    0x20000000   Section        4  freertos.o(.data)
    .data                                    0x20000004   Section        8  fsmc.o(.data)
    FSMC_Initialized                         0x20000004   Data           4  fsmc.o(.data)
    FSMC_DeInitialized                       0x20000008   Data           4  fsmc.o(.data)
    .data                                    0x2000000c   Section       12  stm32f1xx_hal.o(.data)
    .data                                    0x20000018   Section        4  system_stm32f1xx.o(.data)
    .data                                    0x2000001c   Section       60  tasks.o(.data)
    pxDelayedTaskList                        0x20000020   Data           4  tasks.o(.data)
    pxOverflowDelayedTaskList                0x20000024   Data           4  tasks.o(.data)
    uxDeletedTasksWaitingCleanUp             0x20000028   Data           4  tasks.o(.data)
    uxCurrentNumberOfTasks                   0x2000002c   Data           4  tasks.o(.data)
    xTickCount                               0x20000030   Data           4  tasks.o(.data)
    uxTopReadyPriority                       0x20000034   Data           4  tasks.o(.data)
    xSchedulerRunning                        0x20000038   Data           4  tasks.o(.data)
    uxPendedTicks                            0x2000003c   Data           4  tasks.o(.data)
    xYieldPending                            0x20000040   Data           4  tasks.o(.data)
    xNumOfOverflows                          0x20000044   Data           4  tasks.o(.data)
    uxTaskNumber                             0x20000048   Data           4  tasks.o(.data)
    xNextTaskUnblockTime                     0x2000004c   Data           4  tasks.o(.data)
    xIdleTaskHandle                          0x20000050   Data           4  tasks.o(.data)
    uxSchedulerSuspended                     0x20000054   Data           4  tasks.o(.data)
    .data                                    0x20000058   Section       20  timers.o(.data)
    pxCurrentTimerList                       0x20000058   Data           4  timers.o(.data)
    pxOverflowTimerList                      0x2000005c   Data           4  timers.o(.data)
    xTimerQueue                              0x20000060   Data           4  timers.o(.data)
    xTimerTaskHandle                         0x20000064   Data           4  timers.o(.data)
    xLastTime                                0x20000068   Data           4  timers.o(.data)
    .data                                    0x2000006c   Section        4  cmsis_os2.o(.data)
    KernelState                              0x2000006c   Data           4  cmsis_os2.o(.data)
    .data                                    0x20000070   Section       24  heap_4.o(.data)
    pxEnd                                    0x20000070   Data           4  heap_4.o(.data)
    xFreeBytesRemaining                      0x20000074   Data           4  heap_4.o(.data)
    xMinimumEverFreeBytesRemaining           0x20000078   Data           4  heap_4.o(.data)
    xBlockAllocatedBit                       0x2000007c   Data           4  heap_4.o(.data)
    xStart                                   0x20000080   Data           8  heap_4.o(.data)
    .data                                    0x20000088   Section       12  port.o(.data)
    ucMaxSysCallPriority                     0x20000088   Data           1  port.o(.data)
    uxCriticalNesting                        0x2000008c   Data           4  port.o(.data)
    ulMaxPRIGROUPValue                       0x20000090   Data           4  port.o(.data)
    .data                                    0x20000094   Section        8  lcd.o(.data)
    .bss                                     0x2000009c   Section       72  fsmc.o(.bss)
    .bss                                     0x200000e4   Section       72  tim.o(.bss)
    .bss                                     0x2000012c   Section       72  stm32f1xx_hal_timebase_tim.o(.bss)
    .bss                                     0x20000174   Section       64  queue.o(.bss)
    .bss                                     0x200001b4   Section     1220  tasks.o(.bss)
    pxReadyTasksLists                        0x200001b4   Data        1120  tasks.o(.bss)
    xDelayedTaskList1                        0x20000614   Data          20  tasks.o(.bss)
    xDelayedTaskList2                        0x20000628   Data          20  tasks.o(.bss)
    xPendingReadyList                        0x2000063c   Data          20  tasks.o(.bss)
    xTasksWaitingTermination                 0x20000650   Data          20  tasks.o(.bss)
    xSuspendedTaskList                       0x20000664   Data          20  tasks.o(.bss)
    .bss                                     0x20000678   Section      280  timers.o(.bss)
    xActiveTimerList1                        0x20000678   Data          20  timers.o(.bss)
    xActiveTimerList2                        0x2000068c   Data          20  timers.o(.bss)
    xStaticTimerQueue                        0x200006a0   Data          80  timers.o(.bss)
    ucStaticTimerQueueStorage                0x200006f0   Data         160  timers.o(.bss)
    .bss                                     0x20000790   Section     1720  cmsis_os2.o(.bss)
    Idle_TCB                                 0x20000790   Data          92  cmsis_os2.o(.bss)
    Idle_Stack                               0x200007ec   Data         512  cmsis_os2.o(.bss)
    Timer_TCB                                0x200009ec   Data          92  cmsis_os2.o(.bss)
    Timer_Stack                              0x20000a48   Data        1024  cmsis_os2.o(.bss)
    .bss                                     0x20000e48   Section     3072  heap_4.o(.bss)
    ucHeap                                   0x20000e48   Data        3072  heap_4.o(.bss)
    .bss                                     0x20001a48   Section       86  lcd.o(.bss)
    .bss                                     0x20001aa0   Section       96  libspace.o(.bss)
    HEAP                                     0x20001b00   Section      512  startup_stm32f103xe.o(HEAP)
    Heap_Mem                                 0x20001b00   Data         512  startup_stm32f103xe.o(HEAP)
    STACK                                    0x20001d00   Section     1024  startup_stm32f103xe.o(STACK)
    Stack_Mem                                0x20001d00   Data        1024  startup_stm32f103xe.o(STACK)
    __initial_sp                             0x20002100   Data           0  startup_stm32f103xe.o(STACK)

    Global Symbols

    Symbol Name                              Value     Ov Type        Size  Object(Section)

    BuildAttributes$$THM_ISAv4$P$D$K$B$S$PE$A:L22UL41UL21$X:L11$S22US41US21$IEEE1$IW$USESV6$~STKCKD$USESV7$~SHL$OSPACE$ROPI$EBA8$UX$STANDARDLIB$REQ8$PRES8$EABIv2 0x00000000   Number         0  anon$$obj.o ABSOLUTE
    __ARM_use_no_argv                        0x00000000   Number         0  main.o ABSOLUTE
    __ARM_exceptions_init                     - Undefined Weak Reference
    __alloca_initialize                       - Undefined Weak Reference
    __arm_fini_                               - Undefined Weak Reference
    __arm_preinit_                            - Undefined Weak Reference
    __cpp_initialize__aeabi_                  - Undefined Weak Reference
    __cxa_finalize                            - Undefined Weak Reference
    __rt_locale                               - Undefined Weak Reference
    __sigvec_lookup                           - Undefined Weak Reference
    _atexit_init                              - Undefined Weak Reference
    _call_atexit_fns                          - Undefined Weak Reference
    _clock_init                               - Undefined Weak Reference
    _fp_trap_init                             - Undefined Weak Reference
    _fp_trap_shutdown                         - Undefined Weak Reference
    _get_lc_collate                           - Undefined Weak Reference
    _get_lc_ctype                             - Undefined Weak Reference
    _get_lc_monetary                          - Undefined Weak Reference
    _get_lc_numeric                           - Undefined Weak Reference
    _get_lc_time                              - Undefined Weak Reference
    _getenv_init                              - Undefined Weak Reference
    _handle_redirection                       - Undefined Weak Reference
    _init_alloc                               - Undefined Weak Reference
    _init_user_alloc                          - Undefined Weak Reference
    _initio                                   - Undefined Weak Reference
    _rand_init                                - Undefined Weak Reference
    _signal_finish                            - Undefined Weak Reference
    _signal_init                              - Undefined Weak Reference
    _terminate_alloc                          - Undefined Weak Reference
    _terminate_user_alloc                     - Undefined Weak Reference
    _terminateio                              - Undefined Weak Reference
    __Vectors_Size                           0x00000130   Number         0  startup_stm32f103xe.o ABSOLUTE
    __Vectors                                0x08000000   Data           4  startup_stm32f103xe.o(RESET)
    __Vectors_End                            0x08000130   Data           0  startup_stm32f103xe.o(RESET)
    __main                                   0x08000131   Thumb Code     8  __main.o(!!!main)
    __scatterload                            0x08000139   Thumb Code     0  __scatter.o(!!!scatter)
    __scatterload_rt2                        0x08000139   Thumb Code    44  __scatter.o(!!!scatter)
    __scatterload_rt2_thumb_only             0x08000139   Thumb Code     0  __scatter.o(!!!scatter)
    __scatterload_null                       0x08000147   Thumb Code     0  __scatter.o(!!!scatter)
    __scatterload_copy                       0x0800016d   Thumb Code    26  __scatter_copy.o(!!handler_copy)
    __scatterload_zeroinit                   0x08000189   Thumb Code    28  __scatter_zi.o(!!handler_zi)
    __rt_lib_init                            0x080001a5   Thumb Code     0  libinit.o(.ARM.Collect$$libinit$$00000000)
    __rt_lib_init_alloca_1                   0x080001a7   Thumb Code     0  libinit2.o(.ARM.Collect$$libinit$$0000002E)
    __rt_lib_init_argv_1                     0x080001a7   Thumb Code     0  libinit2.o(.ARM.Collect$$libinit$$0000002C)
    __rt_lib_init_atexit_1                   0x080001a7   Thumb Code     0  libinit2.o(.ARM.Collect$$libinit$$0000001B)
    __rt_lib_init_clock_1                    0x080001a7   Thumb Code     0  libinit2.o(.ARM.Collect$$libinit$$00000021)
    __rt_lib_init_cpp_1                      0x080001a7   Thumb Code     0  libinit2.o(.ARM.Collect$$libinit$$00000032)
    __rt_lib_init_exceptions_1               0x080001a7   Thumb Code     0  libinit2.o(.ARM.Collect$$libinit$$00000030)
    __rt_lib_init_fp_1                       0x080001a7   Thumb Code     0  libinit2.o(.ARM.Collect$$libinit$$00000002)
    __rt_lib_init_fp_trap_1                  0x080001a7   Thumb Code     0  libinit2.o(.ARM.Collect$$libinit$$0000001F)
    __rt_lib_init_getenv_1                   0x080001a7   Thumb Code     0  libinit2.o(.ARM.Collect$$libinit$$00000023)
    __rt_lib_init_heap_1                     0x080001a7   Thumb Code     0  libinit2.o(.ARM.Collect$$libinit$$0000000A)
    __rt_lib_init_lc_collate_1               0x080001a7   Thumb Code     0  libinit2.o(.ARM.Collect$$libinit$$00000011)
    __rt_lib_init_lc_ctype_1                 0x080001a7   Thumb Code     0  libinit2.o(.ARM.Collect$$libinit$$00000013)
    __rt_lib_init_lc_monetary_1              0x080001a7   Thumb Code     0  libinit2.o(.ARM.Collect$$libinit$$00000015)
    __rt_lib_init_lc_numeric_1               0x080001a7   Thumb Code     0  libinit2.o(.ARM.Collect$$libinit$$00000017)
    __rt_lib_init_lc_time_1                  0x080001a7   Thumb Code     0  libinit2.o(.ARM.Collect$$libinit$$00000019)
    __rt_lib_init_preinit_1                  0x080001a7   Thumb Code     0  libinit2.o(.ARM.Collect$$libinit$$00000004)
    __rt_lib_init_rand_1                     0x080001a7   Thumb Code     0  libinit2.o(.ARM.Collect$$libinit$$0000000E)
    __rt_lib_init_return                     0x080001a7   Thumb Code     0  libinit2.o(.ARM.Collect$$libinit$$00000033)
    __rt_lib_init_signal_1                   0x080001a7   Thumb Code     0  libinit2.o(.ARM.Collect$$libinit$$0000001D)
    __rt_lib_init_stdio_1                    0x080001a7   Thumb Code     0  libinit2.o(.ARM.Collect$$libinit$$00000025)
    __rt_lib_init_user_alloc_1               0x080001a7   Thumb Code     0  libinit2.o(.ARM.Collect$$libinit$$0000000C)
    __rt_lib_shutdown                        0x080001a9   Thumb Code     0  libshutdown.o(.ARM.Collect$$libshutdown$$00000000)
    __rt_lib_shutdown_cpp_1                  0x080001ab   Thumb Code     0  libshutdown2.o(.ARM.Collect$$libshutdown$$00000004)
    __rt_lib_shutdown_fini_1                 0x080001ab   Thumb Code     0  libshutdown2.o(.ARM.Collect$$libshutdown$$00000002)
    __rt_lib_shutdown_fp_trap_1              0x080001ab   Thumb Code     0  libshutdown2.o(.ARM.Collect$$libshutdown$$00000009)
    __rt_lib_shutdown_heap_1                 0x080001ab   Thumb Code     0  libshutdown2.o(.ARM.Collect$$libshutdown$$00000011)
    __rt_lib_shutdown_return                 0x080001ab   Thumb Code     0  libshutdown2.o(.ARM.Collect$$libshutdown$$00000012)
    __rt_lib_shutdown_signal_1               0x080001ab   Thumb Code     0  libshutdown2.o(.ARM.Collect$$libshutdown$$0000000C)
    __rt_lib_shutdown_stdio_1                0x080001ab   Thumb Code     0  libshutdown2.o(.ARM.Collect$$libshutdown$$00000006)
    __rt_lib_shutdown_user_alloc_1           0x080001ab   Thumb Code     0  libshutdown2.o(.ARM.Collect$$libshutdown$$0000000E)
    __rt_entry                               0x080001ad   Thumb Code     0  __rtentry.o(.ARM.Collect$$rtentry$$00000000)
    __rt_entry_presh_1                       0x080001ad   Thumb Code     0  __rtentry2.o(.ARM.Collect$$rtentry$$00000002)
    __rt_entry_sh                            0x080001ad   Thumb Code     0  __rtentry4.o(.ARM.Collect$$rtentry$$00000004)
    __rt_entry_li                            0x080001b3   Thumb Code     0  __rtentry2.o(.ARM.Collect$$rtentry$$0000000A)
    __rt_entry_postsh_1                      0x080001b3   Thumb Code     0  __rtentry2.o(.ARM.Collect$$rtentry$$00000009)
    __rt_entry_main                          0x080001b7   Thumb Code     0  __rtentry2.o(.ARM.Collect$$rtentry$$0000000D)
    __rt_entry_postli_1                      0x080001b7   Thumb Code     0  __rtentry2.o(.ARM.Collect$$rtentry$$0000000C)
    __rt_exit                                0x080001bf   Thumb Code     0  rtexit.o(.ARM.Collect$$rtexit$$00000000)
    __rt_exit_ls                             0x080001c1   Thumb Code     0  rtexit2.o(.ARM.Collect$$rtexit$$00000003)
    __rt_exit_prels_1                        0x080001c1   Thumb Code     0  rtexit2.o(.ARM.Collect$$rtexit$$00000002)
    __rt_exit_exit                           0x080001c5   Thumb Code     0  rtexit2.o(.ARM.Collect$$rtexit$$00000004)
    SVC_Handler                              0x080001cd   Thumb Code    32  port.o(.emb_text)
    __asm___6_port_c_39a90d8d__prvStartFirstTask 0x080001f1   Thumb Code    28  port.o(.emb_text)
    PendSV_Handler                           0x08000211   Thumb Code    72  port.o(.emb_text)
    vPortGetIPSR                             0x0800025d   Thumb Code     6  port.o(.emb_text)
    Reset_Handler                            0x08000265   Thumb Code     8  startup_stm32f103xe.o(.text)
    ADC1_2_IRQHandler                        0x0800027f   Thumb Code     0  startup_stm32f103xe.o(.text)
    ADC3_IRQHandler                          0x0800027f   Thumb Code     0  startup_stm32f103xe.o(.text)
    CAN1_RX1_IRQHandler                      0x0800027f   Thumb Code     0  startup_stm32f103xe.o(.text)
    CAN1_SCE_IRQHandler                      0x0800027f   Thumb Code     0  startup_stm32f103xe.o(.text)
    DMA1_Channel1_IRQHandler                 0x0800027f   Thumb Code     0  startup_stm32f103xe.o(.text)
    DMA1_Channel2_IRQHandler                 0x0800027f   Thumb Code     0  startup_stm32f103xe.o(.text)
    DMA1_Channel3_IRQHandler                 0x0800027f   Thumb Code     0  startup_stm32f103xe.o(.text)
    DMA1_Channel4_IRQHandler                 0x0800027f   Thumb Code     0  startup_stm32f103xe.o(.text)
    DMA1_Channel5_IRQHandler                 0x0800027f   Thumb Code     0  startup_stm32f103xe.o(.text)
    DMA1_Channel6_IRQHandler                 0x0800027f   Thumb Code     0  startup_stm32f103xe.o(.text)
    DMA1_Channel7_IRQHandler                 0x0800027f   Thumb Code     0  startup_stm32f103xe.o(.text)
    DMA2_Channel1_IRQHandler                 0x0800027f   Thumb Code     0  startup_stm32f103xe.o(.text)
    DMA2_Channel2_IRQHandler                 0x0800027f   Thumb Code     0  startup_stm32f103xe.o(.text)
    DMA2_Channel3_IRQHandler                 0x0800027f   Thumb Code     0  startup_stm32f103xe.o(.text)
    DMA2_Channel4_5_IRQHandler               0x0800027f   Thumb Code     0  startup_stm32f103xe.o(.text)
    EXTI0_IRQHandler                         0x0800027f   Thumb Code     0  startup_stm32f103xe.o(.text)
    EXTI15_10_IRQHandler                     0x0800027f   Thumb Code     0  startup_stm32f103xe.o(.text)
    EXTI1_IRQHandler                         0x0800027f   Thumb Code     0  startup_stm32f103xe.o(.text)
    EXTI2_IRQHandler                         0x0800027f   Thumb Code     0  startup_stm32f103xe.o(.text)
    EXTI3_IRQHandler                         0x0800027f   Thumb Code     0  startup_stm32f103xe.o(.text)
    EXTI4_IRQHandler                         0x0800027f   Thumb Code     0  startup_stm32f103xe.o(.text)
    EXTI9_5_IRQHandler                       0x0800027f   Thumb Code     0  startup_stm32f103xe.o(.text)
    FLASH_IRQHandler                         0x0800027f   Thumb Code     0  startup_stm32f103xe.o(.text)
    FSMC_IRQHandler                          0x0800027f   Thumb Code     0  startup_stm32f103xe.o(.text)
    I2C1_ER_IRQHandler                       0x0800027f   Thumb Code     0  startup_stm32f103xe.o(.text)
    I2C1_EV_IRQHandler                       0x0800027f   Thumb Code     0  startup_stm32f103xe.o(.text)
    I2C2_ER_IRQHandler                       0x0800027f   Thumb Code     0  startup_stm32f103xe.o(.text)
    I2C2_EV_IRQHandler                       0x0800027f   Thumb Code     0  startup_stm32f103xe.o(.text)
    PVD_IRQHandler                           0x0800027f   Thumb Code     0  startup_stm32f103xe.o(.text)
    RCC_IRQHandler                           0x0800027f   Thumb Code     0  startup_stm32f103xe.o(.text)
    RTC_Alarm_IRQHandler                     0x0800027f   Thumb Code     0  startup_stm32f103xe.o(.text)
    RTC_IRQHandler                           0x0800027f   Thumb Code     0  startup_stm32f103xe.o(.text)
    SDIO_IRQHandler                          0x0800027f   Thumb Code     0  startup_stm32f103xe.o(.text)
    SPI1_IRQHandler                          0x0800027f   Thumb Code     0  startup_stm32f103xe.o(.text)
    SPI2_IRQHandler                          0x0800027f   Thumb Code     0  startup_stm32f103xe.o(.text)
    SPI3_IRQHandler                          0x0800027f   Thumb Code     0  startup_stm32f103xe.o(.text)
    TAMPER_IRQHandler                        0x0800027f   Thumb Code     0  startup_stm32f103xe.o(.text)
    TIM1_BRK_IRQHandler                      0x0800027f   Thumb Code     0  startup_stm32f103xe.o(.text)
    TIM1_CC_IRQHandler                       0x0800027f   Thumb Code     0  startup_stm32f103xe.o(.text)
    TIM1_TRG_COM_IRQHandler                  0x0800027f   Thumb Code     0  startup_stm32f103xe.o(.text)
    TIM1_UP_IRQHandler                       0x0800027f   Thumb Code     0  startup_stm32f103xe.o(.text)
    TIM2_IRQHandler                          0x0800027f   Thumb Code     0  startup_stm32f103xe.o(.text)
    TIM3_IRQHandler                          0x0800027f   Thumb Code     0  startup_stm32f103xe.o(.text)
    TIM4_IRQHandler                          0x0800027f   Thumb Code     0  startup_stm32f103xe.o(.text)
    TIM6_IRQHandler                          0x0800027f   Thumb Code     0  startup_stm32f103xe.o(.text)
    TIM7_IRQHandler                          0x0800027f   Thumb Code     0  startup_stm32f103xe.o(.text)
    TIM8_BRK_IRQHandler                      0x0800027f   Thumb Code     0  startup_stm32f103xe.o(.text)
    TIM8_CC_IRQHandler                       0x0800027f   Thumb Code     0  startup_stm32f103xe.o(.text)
    TIM8_TRG_COM_IRQHandler                  0x0800027f   Thumb Code     0  startup_stm32f103xe.o(.text)
    TIM8_UP_IRQHandler                       0x0800027f   Thumb Code     0  startup_stm32f103xe.o(.text)
    UART4_IRQHandler                         0x0800027f   Thumb Code     0  startup_stm32f103xe.o(.text)
    UART5_IRQHandler                         0x0800027f   Thumb Code     0  startup_stm32f103xe.o(.text)
    USART1_IRQHandler                        0x0800027f   Thumb Code     0  startup_stm32f103xe.o(.text)
    USART2_IRQHandler                        0x0800027f   Thumb Code     0  startup_stm32f103xe.o(.text)
    USART3_IRQHandler                        0x0800027f   Thumb Code     0  startup_stm32f103xe.o(.text)
    USBWakeUp_IRQHandler                     0x0800027f   Thumb Code     0  startup_stm32f103xe.o(.text)
    USB_HP_CAN1_TX_IRQHandler                0x0800027f   Thumb Code     0  startup_stm32f103xe.o(.text)
    USB_LP_CAN1_RX0_IRQHandler               0x0800027f   Thumb Code     0  startup_stm32f103xe.o(.text)
    WWDG_IRQHandler                          0x0800027f   Thumb Code     0  startup_stm32f103xe.o(.text)
    __user_initial_stackheap                 0x08000281   Thumb Code     0  startup_stm32f103xe.o(.text)
    __aeabi_memcpy                           0x080002a5   Thumb Code     0  rt_memcpy_v6.o(.text)
    __rt_memcpy                              0x080002a5   Thumb Code   138  rt_memcpy_v6.o(.text)
    _memcpy_lastbytes                        0x0800030b   Thumb Code     0  rt_memcpy_v6.o(.text)
    __aeabi_memset                           0x0800032f   Thumb Code    16  aeabi_memset.o(.text)
    __aeabi_memclr4                          0x0800033f   Thumb Code     0  rt_memclr_w.o(.text)
    __aeabi_memclr8                          0x0800033f   Thumb Code     0  rt_memclr_w.o(.text)
    __rt_memclr_w                            0x0800033f   Thumb Code    78  rt_memclr_w.o(.text)
    _memset_w                                0x08000343   Thumb Code     0  rt_memclr_w.o(.text)
    __use_two_region_memory                  0x0800038d   Thumb Code     2  heapauxi.o(.text)
    __rt_heap_escrow$2region                 0x0800038f   Thumb Code     2  heapauxi.o(.text)
    __rt_heap_expand$2region                 0x08000391   Thumb Code     2  heapauxi.o(.text)
    __aeabi_memcpy4                          0x08000393   Thumb Code     0  rt_memcpy_w.o(.text)
    __aeabi_memcpy8                          0x08000393   Thumb Code     0  rt_memcpy_w.o(.text)
    __rt_memcpy_w                            0x08000393   Thumb Code   100  rt_memcpy_w.o(.text)
    _memcpy_lastbytes_aligned                0x080003db   Thumb Code     0  rt_memcpy_w.o(.text)
    __aeabi_memclr                           0x080003f7   Thumb Code     0  rt_memclr.o(.text)
    __rt_memclr                              0x080003f7   Thumb Code    68  rt_memclr.o(.text)
    _memset                                  0x080003fb   Thumb Code     0  rt_memclr.o(.text)
    __user_setup_stackheap                   0x0800043b   Thumb Code    74  sys_stackheap_outer.o(.text)
    exit                                     0x08000485   Thumb Code    18  exit.o(.text)
    __user_libspace                          0x08000499   Thumb Code     8  libspace.o(.text)
    __user_perproc_libspace                  0x08000499   Thumb Code     0  libspace.o(.text)
    __user_perthread_libspace                0x08000499   Thumb Code     0  libspace.o(.text)
    _sys_exit                                0x080004a1   Thumb Code     8  sys_exit.o(.text)
    __I$use$semihosting                      0x080004ad   Thumb Code     0  use_no_semi.o(.text)
    __use_no_semihosting_swi                 0x080004ad   Thumb Code     2  use_no_semi.o(.text)
    BusFault_Handler                         0x080004af   Thumb Code     2  stm32f1xx_it.o(i.BusFault_Handler)
    __semihosting_library_function           0x080004af   Thumb Code     0  indicate_semi.o(.text)
    DebugMon_Handler                         0x080004b1   Thumb Code     2  stm32f1xx_it.o(i.DebugMon_Handler)
    Error_Handler                            0x080004b3   Thumb Code     4  main.o(i.Error_Handler)
    FSMC_NORSRAM_Extended_Timing_Init        0x080004b9   Thumb Code    56  stm32f1xx_ll_fsmc.o(i.FSMC_NORSRAM_Extended_Timing_Init)
    FSMC_NORSRAM_Init                        0x080004f5   Thumb Code    98  stm32f1xx_ll_fsmc.o(i.FSMC_NORSRAM_Init)
    FSMC_NORSRAM_Timing_Init                 0x0800055d   Thumb Code    64  stm32f1xx_ll_fsmc.o(i.FSMC_NORSRAM_Timing_Init)
    HAL_Delay                                0x080005a1   Thumb Code    32  stm32f1xx_hal.o(i.HAL_Delay)
    HAL_GPIO_Init                            0x08000645   Thumb Code   462  stm32f1xx_hal_gpio.o(i.HAL_GPIO_Init)
    HAL_GPIO_WritePin                        0x0800083d   Thumb Code    10  stm32f1xx_hal_gpio.o(i.HAL_GPIO_WritePin)
    HAL_GetTick                              0x08000849   Thumb Code     6  stm32f1xx_hal.o(i.HAL_GetTick)
    HAL_IncTick                              0x08000855   Thumb Code    12  stm32f1xx_hal.o(i.HAL_IncTick)
    HAL_Init                                 0x08000865   Thumb Code    32  stm32f1xx_hal.o(i.HAL_Init)
    HAL_InitTick                             0x08000889   Thumb Code   132  stm32f1xx_hal_timebase_tim.o(i.HAL_InitTick)
    HAL_MspInit                              0x08000921   Thumb Code    62  stm32f1xx_hal_msp.o(i.HAL_MspInit)
    HAL_NVIC_EnableIRQ                       0x08000969   Thumb Code    26  stm32f1xx_hal_cortex.o(i.HAL_NVIC_EnableIRQ)
    HAL_NVIC_SetPriority                     0x08000985   Thumb Code    60  stm32f1xx_hal_cortex.o(i.HAL_NVIC_SetPriority)
    HAL_NVIC_SetPriorityGrouping             0x080009c5   Thumb Code    26  stm32f1xx_hal_cortex.o(i.HAL_NVIC_SetPriorityGrouping)
    HAL_RCC_ClockConfig                      0x080009e9   Thumb Code   280  stm32f1xx_hal_rcc.o(i.HAL_RCC_ClockConfig)
    HAL_RCC_GetClockConfig                   0x08000b15   Thumb Code    54  stm32f1xx_hal_rcc.o(i.HAL_RCC_GetClockConfig)
    HAL_RCC_GetPCLK1Freq                     0x08000b55   Thumb Code    20  stm32f1xx_hal_rcc.o(i.HAL_RCC_GetPCLK1Freq)
    HAL_RCC_GetSysClockFreq                  0x08000b75   Thumb Code    58  stm32f1xx_hal_rcc.o(i.HAL_RCC_GetSysClockFreq)
    HAL_RCC_OscConfig                        0x08000bc1   Thumb Code   778  stm32f1xx_hal_rcc.o(i.HAL_RCC_OscConfig)
    HAL_SRAM_Init                            0x08000ee1   Thumb Code   100  stm32f1xx_hal_sram.o(i.HAL_SRAM_Init)
    HAL_SRAM_MspInit                         0x08000f45   Thumb Code     4  fsmc.o(i.HAL_SRAM_MspInit)
    HAL_TIMEx_BreakCallback                  0x08000f49   Thumb Code     2  stm32f1xx_hal_tim_ex.o(i.HAL_TIMEx_BreakCallback)
    HAL_TIMEx_CommutCallback                 0x08000f4b   Thumb Code     2  stm32f1xx_hal_tim_ex.o(i.HAL_TIMEx_CommutCallback)
    HAL_TIMEx_MasterConfigSynchronization    0x08000f4d   Thumb Code   104  stm32f1xx_hal_tim_ex.o(i.HAL_TIMEx_MasterConfigSynchronization)
    HAL_TIM_Base_Init                        0x08000fc9   Thumb Code    90  stm32f1xx_hal_tim.o(i.HAL_TIM_Base_Init)
    HAL_TIM_Base_MspInit                     0x08001025   Thumb Code    30  tim.o(i.HAL_TIM_Base_MspInit)
    HAL_TIM_Base_Start_IT                    0x0800104d   Thumb Code    88  stm32f1xx_hal_tim.o(i.HAL_TIM_Base_Start_IT)
    HAL_TIM_ConfigClockSource                0x080010b9   Thumb Code   220  stm32f1xx_hal_tim.o(i.HAL_TIM_ConfigClockSource)
    HAL_TIM_IC_CaptureCallback               0x08001195   Thumb Code     2  stm32f1xx_hal_tim.o(i.HAL_TIM_IC_CaptureCallback)
    HAL_TIM_IRQHandler                       0x08001197   Thumb Code   358  stm32f1xx_hal_tim.o(i.HAL_TIM_IRQHandler)
    HAL_TIM_MspPostInit                      0x080012fd   Thumb Code    64  tim.o(i.HAL_TIM_MspPostInit)
    HAL_TIM_OC_DelayElapsedCallback          0x08001349   Thumb Code     2  stm32f1xx_hal_tim.o(i.HAL_TIM_OC_DelayElapsedCallback)
    HAL_TIM_PWM_ConfigChannel                0x0800134b   Thumb Code   204  stm32f1xx_hal_tim.o(i.HAL_TIM_PWM_ConfigChannel)
    HAL_TIM_PWM_Init                         0x08001417   Thumb Code    90  stm32f1xx_hal_tim.o(i.HAL_TIM_PWM_Init)
    HAL_TIM_PWM_MspInit                      0x08001471   Thumb Code     2  stm32f1xx_hal_tim.o(i.HAL_TIM_PWM_MspInit)
    HAL_TIM_PWM_PulseFinishedCallback        0x08001473   Thumb Code     2  stm32f1xx_hal_tim.o(i.HAL_TIM_PWM_PulseFinishedCallback)
    HAL_TIM_PeriodElapsedCallback            0x08001475   Thumb Code    14  main.o(i.HAL_TIM_PeriodElapsedCallback)
    HAL_TIM_TriggerCallback                  0x08001489   Thumb Code     2  stm32f1xx_hal_tim.o(i.HAL_TIM_TriggerCallback)
    HardFault_Handler                        0x0800148b   Thumb Code     2  stm32f1xx_it.o(i.HardFault_Handler)
    LCD_Clear                                0x0800148d   Thumb Code    42  lcd.o(i.LCD_Clear)
    LCD_Display_Dir                          0x080014c1   Thumb Code   298  lcd.o(i.LCD_Display_Dir)
    LCD_Fast_DrawPoint                       0x080015f1   Thumb Code   232  lcd.o(i.LCD_Fast_DrawPoint)
    LCD_Init                                 0x080016e1   Thumb Code  9570  lcd.o(i.LCD_Init)
    LCD_RD_DATA                              0x08003c4d   Thumb Code     6  lcd.o(i.LCD_RD_DATA)
    LCD_SSD_BackLightSet                     0x08003c59   Thumb Code    80  lcd.o(i.LCD_SSD_BackLightSet)
    LCD_Scan_Dir                             0x08003cad   Thumb Code   560  lcd.o(i.LCD_Scan_Dir)
    LCD_SetCursor                            0x08003ee1   Thumb Code   282  lcd.o(i.LCD_SetCursor)
    LCD_ShowChar                             0x08004001   Thumb Code   276  lcd.o(i.LCD_ShowChar)
    LCD_ShowString                           0x0800412d   Thumb Code   102  lcd.o(i.LCD_ShowString)
    LCD_WR_DATA                              0x08004195   Thumb Code     8  lcd.o(i.LCD_WR_DATA)
    LCD_WR_REG                               0x080041a1   Thumb Code     8  lcd.o(i.LCD_WR_REG)
    LCD_WriteRAM_Prepare                     0x080041ad   Thumb Code    10  lcd.o(i.LCD_WriteRAM_Prepare)
    LCD_WriteReg                             0x080041c1   Thumb Code    10  lcd.o(i.LCD_WriteReg)
    MX_FREERTOS_Init                         0x080041d1   Thumb Code    18  freertos.o(i.MX_FREERTOS_Init)
    MX_FSMC_Init                             0x080041f1   Thumb Code   134  fsmc.o(i.MX_FSMC_Init)
    MX_GPIO_Init                             0x08004285   Thumb Code   198  gpio.o(i.MX_GPIO_Init)
    MX_TIM4_Init                             0x08004359   Thumb Code   150  tim.o(i.MX_TIM4_Init)
    MemManage_Handler                        0x080043f9   Thumb Code     2  stm32f1xx_it.o(i.MemManage_Handler)
    NMI_Handler                              0x080043fb   Thumb Code     2  stm32f1xx_it.o(i.NMI_Handler)
    StartDefaultTask                         0x080043fd   Thumb Code     8  freertos.o(i.StartDefaultTask)
    SysTick_Handler                          0x08004405   Thumb Code    38  port.o(i.SysTick_Handler)
    SystemClock_Config                       0x08004431   Thumb Code    94  main.o(i.SystemClock_Config)
    SystemInit                               0x0800448f   Thumb Code     2  system_stm32f1xx.o(i.SystemInit)
    TIM5_IRQHandler                          0x08004491   Thumb Code     6  stm32f1xx_it.o(i.TIM5_IRQHandler)
    TIM_Base_SetConfig                       0x0800449d   Thumb Code   120  stm32f1xx_hal_tim.o(i.TIM_Base_SetConfig)
    TIM_ETR_SetConfig                        0x08004529   Thumb Code    20  stm32f1xx_hal_tim.o(i.TIM_ETR_SetConfig)
    TIM_OC2_SetConfig                        0x080045ad   Thumb Code    98  stm32f1xx_hal_tim.o(i.TIM_OC2_SetConfig)
    UsageFault_Handler                       0x08004717   Thumb Code     2  stm32f1xx_it.o(i.UsageFault_Handler)
    main                                     0x08004739   Thumb Code   140  main.o(i.main)
    osDelay                                  0x08004821   Thumb Code    46  cmsis_os2.o(i.osDelay)
    osKernelInitialize                       0x08004855   Thumb Code    50  cmsis_os2.o(i.osKernelInitialize)
    osKernelStart                            0x0800488d   Thumb Code    58  cmsis_os2.o(i.osKernelStart)
    osThreadNew                              0x080048cd   Thumb Code   160  cmsis_os2.o(i.osThreadNew)
    pvPortMalloc                             0x080050b5   Thumb Code   210  heap_4.o(i.pvPortMalloc)
    pxPortInitialiseStack                    0x0800518d   Thumb Code    32  port.o(i.pxPortInitialiseStack)
    uxListRemove                             0x080051b1   Thumb Code    38  list.o(i.uxListRemove)
    vApplicationGetIdleTaskMemory            0x080051d9   Thumb Code    16  cmsis_os2.o(i.vApplicationGetIdleTaskMemory)
    vApplicationGetTimerTaskMemory           0x080051ed   Thumb Code    18  cmsis_os2.o(i.vApplicationGetTimerTaskMemory)
    vListInitialise                          0x08005205   Thumb Code    22  list.o(i.vListInitialise)
    vListInitialiseItem                      0x0800521b   Thumb Code     6  list.o(i.vListInitialiseItem)
    vListInsert                              0x08005221   Thumb Code    48  list.o(i.vListInsert)
    vListInsertEnd                           0x08005251   Thumb Code    24  list.o(i.vListInsertEnd)
    vPortEnterCritical                       0x08005269   Thumb Code    54  port.o(i.vPortEnterCritical)
    vPortExitCritical                        0x080052a9   Thumb Code    34  port.o(i.vPortExitCritical)
    vPortFree                                0x080052d1   Thumb Code    88  heap_4.o(i.vPortFree)
    vPortSetupTimerInterrupt                 0x0800532d   Thumb Code    32  port.o(i.vPortSetupTimerInterrupt)
    vPortValidateInterruptPriority           0x08005351   Thumb Code    74  port.o(i.vPortValidateInterruptPriority)
    vQueueAddToRegistry                      0x080053a5   Thumb Code    34  queue.o(i.vQueueAddToRegistry)
    vQueueWaitForMessageRestricted           0x080053cd   Thumb Code    68  queue.o(i.vQueueWaitForMessageRestricted)
    vTaskDelay                               0x08005411   Thumb Code    66  tasks.o(i.vTaskDelay)
    vTaskInternalSetTimeOutState             0x0800545d   Thumb Code    12  tasks.o(i.vTaskInternalSetTimeOutState)
    vTaskMissedYield                         0x0800546d   Thumb Code     8  tasks.o(i.vTaskMissedYield)
    vTaskPlaceOnEventList                    0x08005479   Thumb Code    44  tasks.o(i.vTaskPlaceOnEventList)
    vTaskPlaceOnEventListRestricted          0x080054a9   Thumb Code    52  tasks.o(i.vTaskPlaceOnEventListRestricted)
    vTaskStartScheduler                      0x080054e1   Thumb Code   118  tasks.o(i.vTaskStartScheduler)
    vTaskSuspendAll                          0x08005569   Thumb Code    10  tasks.o(i.vTaskSuspendAll)
    vTaskSwitchContext                       0x08005579   Thumb Code    90  tasks.o(i.vTaskSwitchContext)
    xPortStartScheduler                      0x080055dd   Thumb Code   154  port.o(i.xPortStartScheduler)
    xQueueGenericCreateStatic                0x08005685   Thumb Code   102  queue.o(i.xQueueGenericCreateStatic)
    xQueueGenericReset                       0x080056ed   Thumb Code   132  queue.o(i.xQueueGenericReset)
    xQueueGenericSend                        0x08005775   Thumb Code   346  queue.o(i.xQueueGenericSend)
    xQueueGenericSendFromISR                 0x080058d5   Thumb Code   188  queue.o(i.xQueueGenericSendFromISR)
    xQueueReceive                            0x08005991   Thumb Code   308  queue.o(i.xQueueReceive)
    xTaskCheckForTimeOut                     0x08005ac9   Thumb Code   112  tasks.o(i.xTaskCheckForTimeOut)
    xTaskCreate                              0x08005b3d   Thumb Code    90  tasks.o(i.xTaskCreate)
    xTaskCreateStatic                        0x08005b97   Thumb Code    86  tasks.o(i.xTaskCreateStatic)
    xTaskGetSchedulerState                   0x08005bed   Thumb Code    22  tasks.o(i.xTaskGetSchedulerState)
    xTaskGetTickCount                        0x08005c09   Thumb Code     6  tasks.o(i.xTaskGetTickCount)
    xTaskIncrementTick                       0x08005c15   Thumb Code   190  tasks.o(i.xTaskIncrementTick)
    xTaskPriorityDisinherit                  0x08005cdd   Thumb Code   118  tasks.o(i.xTaskPriorityDisinherit)
    xTaskRemoveFromEventList                 0x08005d5d   Thumb Code    98  tasks.o(i.xTaskRemoveFromEventList)
    xTaskResumeAll                           0x08005dcd   Thumb Code   182  tasks.o(i.xTaskResumeAll)
    xTimerCreateTimerTask                    0x08005e91   Thumb Code    78  timers.o(i.xTimerCreateTimerTask)
    xTimerGenericCommand                     0x08005ef1   Thumb Code    98  timers.o(i.xTimerGenericCommand)
    __aeabi_d2uiz                            0x08005f59   Thumb Code     0  dfixu.o(x$fpl$dfixu)
    _dfixu                                   0x08005f59   Thumb Code    90  dfixu.o(x$fpl$dfixu)
    __aeabi_ui2d                             0x08005fb3   Thumb Code     0  dflt_clz.o(x$fpl$dfltu)
    _dfltu                                   0x08005fb3   Thumb Code    38  dflt_clz.o(x$fpl$dfltu)
    __aeabi_dmul                             0x08005fd9   Thumb Code     0  dmul.o(x$fpl$dmul)
    _dmul                                    0x08005fd9   Thumb Code   332  dmul.o(x$fpl$dmul)
    __fpl_dnaninf                            0x0800612d   Thumb Code   156  dnaninf.o(x$fpl$dnaninf)
    __fpl_dretinf                            0x080061c9   Thumb Code    12  dretinf.o(x$fpl$dretinf)
    __I$use$fp                               0x080061d4   Number         0  usenofp.o(x$fpl$usenofp)
    defaultTask_attributes                   0x080061d4   Data          36  freertos.o(.constdata)
    AHBPrescTable                            0x0800620a   Data          16  system_stm32f1xx.o(.constdata)
    APBPrescTable                            0x0800621a   Data           8  system_stm32f1xx.o(.constdata)
    asc2_1206                                0x08006222   Data        1140  lcd.o(.constdata)
    asc2_1608                                0x08006696   Data        1520  lcd.o(.constdata)
    asc2_2412                                0x08006c86   Data        3420  lcd.o(.constdata)
    Region$$Table$$Base                      0x080079f0   Number         0  anon$$obj.o(Region$$Table)
    Region$$Table$$Limit                     0x08007a10   Number         0  anon$$obj.o(Region$$Table)
    defaultTaskHandle                        0x20000000   Data           4  freertos.o(.data)
    uwTickFreq                               0x2000000c   Data           1  stm32f1xx_hal.o(.data)
    uwTickPrio                               0x20000010   Data           4  stm32f1xx_hal.o(.data)
    uwTick                                   0x20000014   Data           4  stm32f1xx_hal.o(.data)
    SystemCoreClock                          0x20000018   Data           4  system_stm32f1xx.o(.data)
    pxCurrentTCB                             0x2000001c   Data           4  tasks.o(.data)
    POINT_COLOR                              0x20000094   Data           4  lcd.o(.data)
    BACK_COLOR                               0x20000098   Data           4  lcd.o(.data)
    hsram4                                   0x2000009c   Data          72  fsmc.o(.bss)
    htim4                                    0x200000e4   Data          72  tim.o(.bss)
    htim5                                    0x2000012c   Data          72  stm32f1xx_hal_timebase_tim.o(.bss)
    xQueueRegistry                           0x20000174   Data          64  queue.o(.bss)
    TFTSRAM_Handler                          0x20001a48   Data          72  lcd.o(.bss)
    lcddev                                   0x20001a90   Data          14  lcd.o(.bss)
    __libspace_start                         0x20001aa0   Data          96  libspace.o(.bss)
    __temporary_stack_top$libspace           0x20001b00   Data           0  libspace.o(.bss)



==============================================================================

Memory Map of the image

  Image Entry point : 0x08000131

  Load Region LR_IROM1 (Base: 0x08000000, Size: 0x00007aac, Max: 0x00080000, ABSOLUTE)

    Execution Region ER_IROM1 (Exec base: 0x08000000, Load base: 0x08000000, Size: 0x00007a10, Max: 0x00080000, ABSOLUTE)

    Exec Addr    Load Addr    Size         Type   Attr      Idx    E Section Name        Object

    0x08000000   0x08000000   0x00000130   Data   RO            3    RESET               startup_stm32f103xe.o
    0x08000130   0x08000130   0x00000008   Code   RO         4844  * !!!main             c_w.l(__main.o)
    0x08000138   0x08000138   0x00000034   Code   RO         5024    !!!scatter          c_w.l(__scatter.o)
    0x0800016c   0x0800016c   0x0000001a   Code   RO         5026    !!handler_copy      c_w.l(__scatter_copy.o)
    0x08000186   0x08000186   0x00000002   PAD
    0x08000188   0x08000188   0x0000001c   Code   RO         5028    !!handler_zi        c_w.l(__scatter_zi.o)
    0x080001a4   0x080001a4   0x00000002   Code   RO         4892    .ARM.Collect$$libinit$$00000000  c_w.l(libinit.o)
    0x080001a6   0x080001a6   0x00000000   Code   RO         4899    .ARM.Collect$$libinit$$00000002  c_w.l(libinit2.o)
    0x080001a6   0x080001a6   0x00000000   Code   RO         4901    .ARM.Collect$$libinit$$00000004  c_w.l(libinit2.o)
    0x080001a6   0x080001a6   0x00000000   Code   RO         4904    .ARM.Collect$$libinit$$0000000A  c_w.l(libinit2.o)
    0x080001a6   0x080001a6   0x00000000   Code   RO         4906    .ARM.Collect$$libinit$$0000000C  c_w.l(libinit2.o)
    0x080001a6   0x080001a6   0x00000000   Code   RO         4908    .ARM.Collect$$libinit$$0000000E  c_w.l(libinit2.o)
    0x080001a6   0x080001a6   0x00000000   Code   RO         4911    .ARM.Collect$$libinit$$00000011  c_w.l(libinit2.o)
    0x080001a6   0x080001a6   0x00000000   Code   RO         4913    .ARM.Collect$$libinit$$00000013  c_w.l(libinit2.o)
    0x080001a6   0x080001a6   0x00000000   Code   RO         4915    .ARM.Collect$$libinit$$00000015  c_w.l(libinit2.o)
    0x080001a6   0x080001a6   0x00000000   Code   RO         4917    .ARM.Collect$$libinit$$00000017  c_w.l(libinit2.o)
    0x080001a6   0x080001a6   0x00000000   Code   RO         4919    .ARM.Collect$$libinit$$00000019  c_w.l(libinit2.o)
    0x080001a6   0x080001a6   0x00000000   Code   RO         4921    .ARM.Collect$$libinit$$0000001B  c_w.l(libinit2.o)
    0x080001a6   0x080001a6   0x00000000   Code   RO         4923    .ARM.Collect$$libinit$$0000001D  c_w.l(libinit2.o)
    0x080001a6   0x080001a6   0x00000000   Code   RO         4925    .ARM.Collect$$libinit$$0000001F  c_w.l(libinit2.o)
    0x080001a6   0x080001a6   0x00000000   Code   RO         4927    .ARM.Collect$$libinit$$00000021  c_w.l(libinit2.o)
    0x080001a6   0x080001a6   0x00000000   Code   RO         4929    .ARM.Collect$$libinit$$00000023  c_w.l(libinit2.o)
    0x080001a6   0x080001a6   0x00000000   Code   RO         4931    .ARM.Collect$$libinit$$00000025  c_w.l(libinit2.o)
    0x080001a6   0x080001a6   0x00000000   Code   RO         4935    .ARM.Collect$$libinit$$0000002C  c_w.l(libinit2.o)
    0x080001a6   0x080001a6   0x00000000   Code   RO         4937    .ARM.Collect$$libinit$$0000002E  c_w.l(libinit2.o)
    0x080001a6   0x080001a6   0x00000000   Code   RO         4939    .ARM.Collect$$libinit$$00000030  c_w.l(libinit2.o)
    0x080001a6   0x080001a6   0x00000000   Code   RO         4941    .ARM.Collect$$libinit$$00000032  c_w.l(libinit2.o)
    0x080001a6   0x080001a6   0x00000002   Code   RO         4942    .ARM.Collect$$libinit$$00000033  c_w.l(libinit2.o)
    0x080001a8   0x080001a8   0x00000002   Code   RO         4962    .ARM.Collect$$libshutdown$$00000000  c_w.l(libshutdown.o)
    0x080001aa   0x080001aa   0x00000000   Code   RO         4975    .ARM.Collect$$libshutdown$$00000002  c_w.l(libshutdown2.o)
    0x080001aa   0x080001aa   0x00000000   Code   RO         4977    .ARM.Collect$$libshutdown$$00000004  c_w.l(libshutdown2.o)
    0x080001aa   0x080001aa   0x00000000   Code   RO         4979    .ARM.Collect$$libshutdown$$00000006  c_w.l(libshutdown2.o)
    0x080001aa   0x080001aa   0x00000000   Code   RO         4982    .ARM.Collect$$libshutdown$$00000009  c_w.l(libshutdown2.o)
    0x080001aa   0x080001aa   0x00000000   Code   RO         4985    .ARM.Collect$$libshutdown$$0000000C  c_w.l(libshutdown2.o)
    0x080001aa   0x080001aa   0x00000000   Code   RO         4987    .ARM.Collect$$libshutdown$$0000000E  c_w.l(libshutdown2.o)
    0x080001aa   0x080001aa   0x00000000   Code   RO         4990    .ARM.Collect$$libshutdown$$00000011  c_w.l(libshutdown2.o)
    0x080001aa   0x080001aa   0x00000002   Code   RO         4991    .ARM.Collect$$libshutdown$$00000012  c_w.l(libshutdown2.o)
    0x080001ac   0x080001ac   0x00000000   Code   RO         4858    .ARM.Collect$$rtentry$$00000000  c_w.l(__rtentry.o)
    0x080001ac   0x080001ac   0x00000000   Code   RO         4869    .ARM.Collect$$rtentry$$00000002  c_w.l(__rtentry2.o)
    0x080001ac   0x080001ac   0x00000006   Code   RO         4881    .ARM.Collect$$rtentry$$00000004  c_w.l(__rtentry4.o)
    0x080001b2   0x080001b2   0x00000000   Code   RO         4871    .ARM.Collect$$rtentry$$00000009  c_w.l(__rtentry2.o)
    0x080001b2   0x080001b2   0x00000004   Code   RO         4872    .ARM.Collect$$rtentry$$0000000A  c_w.l(__rtentry2.o)
    0x080001b6   0x080001b6   0x00000000   Code   RO         4874    .ARM.Collect$$rtentry$$0000000C  c_w.l(__rtentry2.o)
    0x080001b6   0x080001b6   0x00000008   Code   RO         4875    .ARM.Collect$$rtentry$$0000000D  c_w.l(__rtentry2.o)
    0x080001be   0x080001be   0x00000002   Code   RO         4896    .ARM.Collect$$rtexit$$00000000  c_w.l(rtexit.o)
    0x080001c0   0x080001c0   0x00000000   Code   RO         4944    .ARM.Collect$$rtexit$$00000002  c_w.l(rtexit2.o)
    0x080001c0   0x080001c0   0x00000004   Code   RO         4945    .ARM.Collect$$rtexit$$00000003  c_w.l(rtexit2.o)
    0x080001c4   0x080001c4   0x00000006   Code   RO         4946    .ARM.Collect$$rtexit$$00000004  c_w.l(rtexit2.o)
    0x080001ca   0x080001ca   0x00000002   PAD
    0x080001cc   0x080001cc   0x00000096   Code   RO         4323    .emb_text           port.o
    0x08000262   0x08000262   0x00000002   PAD
    0x08000264   0x08000264   0x00000040   Code   RO            4    .text               startup_stm32f103xe.o
    0x080002a4   0x080002a4   0x0000008a   Code   RO         4834    .text               c_w.l(rt_memcpy_v6.o)
    0x0800032e   0x0800032e   0x00000010   Code   RO         4838    .text               c_w.l(aeabi_memset.o)
    0x0800033e   0x0800033e   0x0000004e   Code   RO         4840    .text               c_w.l(rt_memclr_w.o)
    0x0800038c   0x0800038c   0x00000006   Code   RO         4842    .text               c_w.l(heapauxi.o)
    0x08000392   0x08000392   0x00000064   Code   RO         4859    .text               c_w.l(rt_memcpy_w.o)
    0x080003f6   0x080003f6   0x00000044   Code   RO         4861    .text               c_w.l(rt_memclr.o)
    0x0800043a   0x0800043a   0x0000004a   Code   RO         4883    .text               c_w.l(sys_stackheap_outer.o)
    0x08000484   0x08000484   0x00000012   Code   RO         4885    .text               c_w.l(exit.o)
    0x08000496   0x08000496   0x00000002   PAD
    0x08000498   0x08000498   0x00000008   Code   RO         4893    .text               c_w.l(libspace.o)
    0x080004a0   0x080004a0   0x0000000c   Code   RO         4954    .text               c_w.l(sys_exit.o)
    0x080004ac   0x080004ac   0x00000002   Code   RO         4965    .text               c_w.l(use_no_semi.o)
    0x080004ae   0x080004ae   0x00000000   Code   RO         4967    .text               c_w.l(indicate_semi.o)
    0x080004ae   0x080004ae   0x00000002   Code   RO          372    i.BusFault_Handler  stm32f1xx_it.o
    0x080004b0   0x080004b0   0x00000002   Code   RO          373    i.DebugMon_Handler  stm32f1xx_it.o
    0x080004b2   0x080004b2   0x00000004   Code   RO           13    i.Error_Handler     main.o
    0x080004b6   0x080004b6   0x00000002   PAD
    0x080004b8   0x080004b8   0x0000003c   Code   RO         1520    i.FSMC_NORSRAM_Extended_Timing_Init  stm32f1xx_ll_fsmc.o
    0x080004f4   0x080004f4   0x00000068   Code   RO         1521    i.FSMC_NORSRAM_Init  stm32f1xx_ll_fsmc.o
    0x0800055c   0x0800055c   0x00000044   Code   RO         1522    i.FSMC_NORSRAM_Timing_Init  stm32f1xx_ll_fsmc.o
    0x080005a0   0x080005a0   0x00000024   Code   RO          542    i.HAL_Delay         stm32f1xx_hal.o
    0x080005c4   0x080005c4   0x00000080   Code   RO          276    i.HAL_FSMC_MspInit  fsmc.o
    0x08000644   0x08000644   0x000001f8   Code   RO          852    i.HAL_GPIO_Init     stm32f1xx_hal_gpio.o
    0x0800083c   0x0800083c   0x0000000a   Code   RO          856    i.HAL_GPIO_WritePin  stm32f1xx_hal_gpio.o
    0x08000846   0x08000846   0x00000002   PAD
    0x08000848   0x08000848   0x0000000c   Code   RO          546    i.HAL_GetTick       stm32f1xx_hal.o
    0x08000854   0x08000854   0x00000010   Code   RO          552    i.HAL_IncTick       stm32f1xx_hal.o
    0x08000864   0x08000864   0x00000024   Code   RO          553    i.HAL_Init          stm32f1xx_hal.o
    0x08000888   0x08000888   0x00000098   Code   RO          460    i.HAL_InitTick      stm32f1xx_hal_timebase_tim.o
    0x08000920   0x08000920   0x00000048   Code   RO          436    i.HAL_MspInit       stm32f1xx_hal_msp.o
    0x08000968   0x08000968   0x0000001a   Code   RO         1012    i.HAL_NVIC_EnableIRQ  stm32f1xx_hal_cortex.o
    0x08000982   0x08000982   0x00000002   PAD
    0x08000984   0x08000984   0x00000040   Code   RO         1018    i.HAL_NVIC_SetPriority  stm32f1xx_hal_cortex.o
    0x080009c4   0x080009c4   0x00000024   Code   RO         1019    i.HAL_NVIC_SetPriorityGrouping  stm32f1xx_hal_cortex.o
    0x080009e8   0x080009e8   0x0000012c   Code   RO          710    i.HAL_RCC_ClockConfig  stm32f1xx_hal_rcc.o
    0x08000b14   0x08000b14   0x00000040   Code   RO          714    i.HAL_RCC_GetClockConfig  stm32f1xx_hal_rcc.o
    0x08000b54   0x08000b54   0x00000020   Code   RO          717    i.HAL_RCC_GetPCLK1Freq  stm32f1xx_hal_rcc.o
    0x08000b74   0x08000b74   0x0000004c   Code   RO          719    i.HAL_RCC_GetSysClockFreq  stm32f1xx_hal_rcc.o
    0x08000bc0   0x08000bc0   0x00000320   Code   RO          722    i.HAL_RCC_OscConfig  stm32f1xx_hal_rcc.o
    0x08000ee0   0x08000ee0   0x00000064   Code   RO         1642    i.HAL_SRAM_Init     stm32f1xx_hal_sram.o
    0x08000f44   0x08000f44   0x00000004   Code   RO          278    i.HAL_SRAM_MspInit  fsmc.o
    0x08000f48   0x08000f48   0x00000002   Code   RO         2479    i.HAL_TIMEx_BreakCallback  stm32f1xx_hal_tim_ex.o
    0x08000f4a   0x08000f4a   0x00000002   Code   RO         2480    i.HAL_TIMEx_CommutCallback  stm32f1xx_hal_tim_ex.o
    0x08000f4c   0x08000f4c   0x0000007c   Code   RO         2498    i.HAL_TIMEx_MasterConfigSynchronization  stm32f1xx_hal_tim_ex.o
    0x08000fc8   0x08000fc8   0x0000005a   Code   RO         1775    i.HAL_TIM_Base_Init  stm32f1xx_hal_tim.o
    0x08001022   0x08001022   0x00000002   PAD
    0x08001024   0x08001024   0x00000028   Code   RO          325    i.HAL_TIM_Base_MspInit  tim.o
    0x0800104c   0x0800104c   0x0000006c   Code   RO         1780    i.HAL_TIM_Base_Start_IT  stm32f1xx_hal_tim.o
    0x080010b8   0x080010b8   0x000000dc   Code   RO         1784    i.HAL_TIM_ConfigClockSource  stm32f1xx_hal_tim.o
    0x08001194   0x08001194   0x00000002   Code   RO         1809    i.HAL_TIM_IC_CaptureCallback  stm32f1xx_hal_tim.o
    0x08001196   0x08001196   0x00000166   Code   RO         1823    i.HAL_TIM_IRQHandler  stm32f1xx_hal_tim.o
    0x080012fc   0x080012fc   0x0000004c   Code   RO          326    i.HAL_TIM_MspPostInit  tim.o
    0x08001348   0x08001348   0x00000002   Code   RO         1826    i.HAL_TIM_OC_DelayElapsedCallback  stm32f1xx_hal_tim.o
    0x0800134a   0x0800134a   0x000000cc   Code   RO         1847    i.HAL_TIM_PWM_ConfigChannel  stm32f1xx_hal_tim.o
    0x08001416   0x08001416   0x0000005a   Code   RO         1850    i.HAL_TIM_PWM_Init  stm32f1xx_hal_tim.o
    0x08001470   0x08001470   0x00000002   Code   RO         1852    i.HAL_TIM_PWM_MspInit  stm32f1xx_hal_tim.o
    0x08001472   0x08001472   0x00000002   Code   RO         1853    i.HAL_TIM_PWM_PulseFinishedCallback  stm32f1xx_hal_tim.o
    0x08001474   0x08001474   0x00000014   Code   RO           14    i.HAL_TIM_PeriodElapsedCallback  main.o
    0x08001488   0x08001488   0x00000002   Code   RO         1866    i.HAL_TIM_TriggerCallback  stm32f1xx_hal_tim.o
    0x0800148a   0x0800148a   0x00000002   Code   RO          374    i.HardFault_Handler  stm32f1xx_it.o
    0x0800148c   0x0800148c   0x00000034   Code   RO         4535    i.LCD_Clear         lcd.o
    0x080014c0   0x080014c0   0x00000130   Code   RO         4541    i.LCD_Display_Dir   lcd.o
    0x080015f0   0x080015f0   0x000000f0   Code   RO         4548    i.LCD_Fast_DrawPoint  lcd.o
    0x080016e0   0x080016e0   0x0000256c   Code   RO         4551    i.LCD_Init          lcd.o
    0x08003c4c   0x08003c4c   0x0000000c   Code   RO         4553    i.LCD_RD_DATA       lcd.o
    0x08003c58   0x08003c58   0x00000054   Code   RO         4556    i.LCD_SSD_BackLightSet  lcd.o
    0x08003cac   0x08003cac   0x00000234   Code   RO         4557    i.LCD_Scan_Dir      lcd.o
    0x08003ee0   0x08003ee0   0x00000120   Code   RO         4558    i.LCD_SetCursor     lcd.o
    0x08004000   0x08004000   0x0000012c   Code   RO         4560    i.LCD_ShowChar      lcd.o
    0x0800412c   0x0800412c   0x00000066   Code   RO         4562    i.LCD_ShowString    lcd.o
    0x08004192   0x08004192   0x00000002   PAD
    0x08004194   0x08004194   0x0000000c   Code   RO         4564    i.LCD_WR_DATA       lcd.o
    0x080041a0   0x080041a0   0x0000000c   Code   RO         4565    i.LCD_WR_REG        lcd.o
    0x080041ac   0x080041ac   0x00000014   Code   RO         4567    i.LCD_WriteRAM_Prepare  lcd.o
    0x080041c0   0x080041c0   0x00000010   Code   RO         4568    i.LCD_WriteReg      lcd.o
    0x080041d0   0x080041d0   0x00000020   Code   RO          218    i.MX_FREERTOS_Init  freertos.o
    0x080041f0   0x080041f0   0x00000094   Code   RO          279    i.MX_FSMC_Init      fsmc.o
    0x08004284   0x08004284   0x000000d4   Code   RO          194    i.MX_GPIO_Init      gpio.o
    0x08004358   0x08004358   0x000000a0   Code   RO          327    i.MX_TIM4_Init      tim.o
    0x080043f8   0x080043f8   0x00000002   Code   RO          375    i.MemManage_Handler  stm32f1xx_it.o
    0x080043fa   0x080043fa   0x00000002   Code   RO          376    i.NMI_Handler       stm32f1xx_it.o
    0x080043fc   0x080043fc   0x00000008   Code   RO          219    i.StartDefaultTask  freertos.o
    0x08004404   0x08004404   0x0000002c   Code   RO         4324    i.SysTick_Handler   port.o
    0x08004430   0x08004430   0x0000005e   Code   RO           15    i.SystemClock_Config  main.o
    0x0800448e   0x0800448e   0x00000002   Code   RO         2747    i.SystemInit        system_stm32f1xx.o
    0x08004490   0x08004490   0x0000000c   Code   RO          377    i.TIM5_IRQHandler   stm32f1xx_it.o
    0x0800449c   0x0800449c   0x0000008c   Code   RO         1868    i.TIM_Base_SetConfig  stm32f1xx_hal_tim.o
    0x08004528   0x08004528   0x00000014   Code   RO         1879    i.TIM_ETR_SetConfig  stm32f1xx_hal_tim.o
    0x0800453c   0x0800453c   0x00000010   Code   RO         1880    i.TIM_ITRx_SetConfig  stm32f1xx_hal_tim.o
    0x0800454c   0x0800454c   0x00000060   Code   RO         1881    i.TIM_OC1_SetConfig  stm32f1xx_hal_tim.o
    0x080045ac   0x080045ac   0x0000006c   Code   RO         1882    i.TIM_OC2_SetConfig  stm32f1xx_hal_tim.o
    0x08004618   0x08004618   0x00000068   Code   RO         1883    i.TIM_OC3_SetConfig  stm32f1xx_hal_tim.o
    0x08004680   0x08004680   0x00000050   Code   RO         1884    i.TIM_OC4_SetConfig  stm32f1xx_hal_tim.o
    0x080046d0   0x080046d0   0x00000022   Code   RO         1886    i.TIM_TI1_ConfigInputStage  stm32f1xx_hal_tim.o
    0x080046f2   0x080046f2   0x00000024   Code   RO         1888    i.TIM_TI2_ConfigInputStage  stm32f1xx_hal_tim.o
    0x08004716   0x08004716   0x00000002   Code   RO          378    i.UsageFault_Handler  stm32f1xx_it.o
    0x08004718   0x08004718   0x00000020   Code   RO         1025    i.__NVIC_SetPriority  stm32f1xx_hal_cortex.o
    0x08004738   0x08004738   0x000000e8   Code   RO           16    i.main              main.o
    0x08004820   0x08004820   0x00000034   Code   RO         3853    i.osDelay           cmsis_os2.o
    0x08004854   0x08004854   0x00000038   Code   RO         3867    i.osKernelInitialize  cmsis_os2.o
    0x0800488c   0x0800488c   0x00000040   Code   RO         3870    i.osKernelStart     cmsis_os2.o
    0x080048cc   0x080048cc   0x000000a4   Code   RO         3904    i.osThreadNew       cmsis_os2.o
    0x08004970   0x08004970   0x0000005c   Code   RO         3349    i.prvAddCurrentTaskToDelayedList  tasks.o
    0x080049cc   0x080049cc   0x000000d0   Code   RO         3350    i.prvAddNewTaskToReadyList  tasks.o
    0x08004a9c   0x08004a9c   0x00000058   Code   RO         3699    i.prvCheckForValidListAndQueue  timers.o
    0x08004af4   0x08004af4   0x00000026   Code   RO         2952    i.prvCopyDataFromQueue  queue.o
    0x08004b1a   0x08004b1a   0x0000006c   Code   RO         2953    i.prvCopyDataToQueue  queue.o
    0x08004b86   0x08004b86   0x00000034   Code   RO         3351    i.prvDeleteTCB      tasks.o
    0x08004bba   0x08004bba   0x00000002   PAD
    0x08004bbc   0x08004bbc   0x0000004c   Code   RO         4274    i.prvHeapInit       heap_4.o
    0x08004c08   0x08004c08   0x00000060   Code   RO         3352    i.prvIdleTask       tasks.o
    0x08004c68   0x08004c68   0x00000022   Code   RO         2955    i.prvInitialiseNewQueue  queue.o
    0x08004c8a   0x08004c8a   0x0000009c   Code   RO         3353    i.prvInitialiseNewTask  tasks.o
    0x08004d26   0x08004d26   0x00000002   PAD
    0x08004d28   0x08004d28   0x0000004c   Code   RO         4275    i.prvInsertBlockIntoFreeList  heap_4.o
    0x08004d74   0x08004d74   0x00000038   Code   RO         3701    i.prvInsertTimerInActiveList  timers.o
    0x08004dac   0x08004dac   0x0000001c   Code   RO         2956    i.prvIsQueueEmpty   queue.o
    0x08004dc8   0x08004dc8   0x000000cc   Code   RO         3702    i.prvProcessReceivedCommands  timers.o
    0x08004e94   0x08004e94   0x000000b4   Code   RO         3703    i.prvProcessTimerOrBlockTask  timers.o
    0x08004f48   0x08004f48   0x00000020   Code   RO         3355    i.prvResetNextTaskUnblockTime  tasks.o
    0x08004f68   0x08004f68   0x00000028   Code   RO         3704    i.prvSampleTimeNow  timers.o
    0x08004f90   0x08004f90   0x0000006c   Code   RO         3705    i.prvSwitchTimerLists  timers.o
    0x08004ffc   0x08004ffc   0x00000028   Code   RO         4325    i.prvTaskExitError  port.o
    0x08005024   0x08005024   0x00000024   Code   RO         3706    i.prvTimerTask      timers.o
    0x08005048   0x08005048   0x0000006a   Code   RO         2957    i.prvUnlockQueue    queue.o
    0x080050b2   0x080050b2   0x00000002   PAD
    0x080050b4   0x080050b4   0x000000d8   Code   RO         4276    i.pvPortMalloc      heap_4.o
    0x0800518c   0x0800518c   0x00000024   Code   RO         4326    i.pxPortInitialiseStack  port.o
    0x080051b0   0x080051b0   0x00000026   Code   RO         2912    i.uxListRemove      list.o
    0x080051d6   0x080051d6   0x00000002   PAD
    0x080051d8   0x080051d8   0x00000014   Code   RO         3916    i.vApplicationGetIdleTaskMemory  cmsis_os2.o
    0x080051ec   0x080051ec   0x00000018   Code   RO         3917    i.vApplicationGetTimerTaskMemory  cmsis_os2.o
    0x08005204   0x08005204   0x00000016   Code   RO         2913    i.vListInitialise   list.o
    0x0800521a   0x0800521a   0x00000006   Code   RO         2914    i.vListInitialiseItem  list.o
    0x08005220   0x08005220   0x00000030   Code   RO         2915    i.vListInsert       list.o
    0x08005250   0x08005250   0x00000018   Code   RO         2916    i.vListInsertEnd    list.o
    0x08005268   0x08005268   0x00000040   Code   RO         4328    i.vPortEnterCritical  port.o
    0x080052a8   0x080052a8   0x00000028   Code   RO         4329    i.vPortExitCritical  port.o
    0x080052d0   0x080052d0   0x0000005c   Code   RO         4277    i.vPortFree         heap_4.o
    0x0800532c   0x0800532c   0x00000024   Code   RO         4330    i.vPortSetupTimerInterrupt  port.o
    0x08005350   0x08005350   0x00000054   Code   RO         4331    i.vPortValidateInterruptPriority  port.o
    0x080053a4   0x080053a4   0x00000028   Code   RO         2963    i.vQueueAddToRegistry  queue.o
    0x080053cc   0x080053cc   0x00000044   Code   RO         2967    i.vQueueWaitForMessageRestricted  queue.o
    0x08005410   0x08005410   0x0000004c   Code   RO         3367    i.vTaskDelay        tasks.o
    0x0800545c   0x0800545c   0x00000010   Code   RO         3372    i.vTaskInternalSetTimeOutState  tasks.o
    0x0800546c   0x0800546c   0x0000000c   Code   RO         3373    i.vTaskMissedYield  tasks.o
    0x08005478   0x08005478   0x00000030   Code   RO         3375    i.vTaskPlaceOnEventList  tasks.o
    0x080054a8   0x080054a8   0x00000038   Code   RO         3376    i.vTaskPlaceOnEventListRestricted  tasks.o
    0x080054e0   0x080054e0   0x00000088   Code   RO         3384    i.vTaskStartScheduler  tasks.o
    0x08005568   0x08005568   0x00000010   Code   RO         3386    i.vTaskSuspendAll   tasks.o
    0x08005578   0x08005578   0x00000064   Code   RO         3387    i.vTaskSwitchContext  tasks.o
    0x080055dc   0x080055dc   0x000000a8   Code   RO         4332    i.xPortStartScheduler  port.o
    0x08005684   0x08005684   0x00000066   Code   RO         2973    i.xQueueGenericCreateStatic  queue.o
    0x080056ea   0x080056ea   0x00000002   PAD
    0x080056ec   0x080056ec   0x00000088   Code   RO         2974    i.xQueueGenericReset  queue.o
    0x08005774   0x08005774   0x00000160   Code   RO         2975    i.xQueueGenericSend  queue.o
    0x080058d4   0x080058d4   0x000000bc   Code   RO         2976    i.xQueueGenericSendFromISR  queue.o
    0x08005990   0x08005990   0x00000138   Code   RO         2985    i.xQueueReceive     queue.o
    0x08005ac8   0x08005ac8   0x00000074   Code   RO         3388    i.xTaskCheckForTimeOut  tasks.o
    0x08005b3c   0x08005b3c   0x0000005a   Code   RO         3389    i.xTaskCreate       tasks.o
    0x08005b96   0x08005b96   0x00000056   Code   RO         3390    i.xTaskCreateStatic  tasks.o
    0x08005bec   0x08005bec   0x0000001c   Code   RO         3394    i.xTaskGetSchedulerState  tasks.o
    0x08005c08   0x08005c08   0x0000000c   Code   RO         3395    i.xTaskGetTickCount  tasks.o
    0x08005c14   0x08005c14   0x000000c8   Code   RO         3397    i.xTaskIncrementTick  tasks.o
    0x08005cdc   0x08005cdc   0x00000080   Code   RO         3400    i.xTaskPriorityDisinherit  tasks.o
    0x08005d5c   0x08005d5c   0x00000070   Code   RO         3402    i.xTaskRemoveFromEventList  tasks.o
    0x08005dcc   0x08005dcc   0x000000c4   Code   RO         3403    i.xTaskResumeAll    tasks.o
    0x08005e90   0x08005e90   0x00000060   Code   RO         3713    i.xTimerCreateTimerTask  timers.o
    0x08005ef0   0x08005ef0   0x00000068   Code   RO         3714    i.xTimerGenericCommand  timers.o
    0x08005f58   0x08005f58   0x0000005a   Code   RO         4846    x$fpl$dfixu         fz_ws.l(dfixu.o)
    0x08005fb2   0x08005fb2   0x00000026   Code   RO         4850    x$fpl$dfltu         fz_ws.l(dflt_clz.o)
    0x08005fd8   0x08005fd8   0x00000154   Code   RO         4856    x$fpl$dmul          fz_ws.l(dmul.o)
    0x0800612c   0x0800612c   0x0000009c   Code   RO         4863    x$fpl$dnaninf       fz_ws.l(dnaninf.o)
    0x080061c8   0x080061c8   0x0000000c   Code   RO         4865    x$fpl$dretinf       fz_ws.l(dretinf.o)
    0x080061d4   0x080061d4   0x00000000   Code   RO         4867    x$fpl$usenofp       fz_ws.l(usenofp.o)
    0x080061d4   0x080061d4   0x00000024   Data   RO          220    .constdata          freertos.o
    0x080061f8   0x080061f8   0x00000012   Data   RO          723    .constdata          stm32f1xx_hal_rcc.o
    0x0800620a   0x0800620a   0x00000010   Data   RO         2748    .constdata          system_stm32f1xx.o
    0x0800621a   0x0800621a   0x00000008   Data   RO         2749    .constdata          system_stm32f1xx.o
    0x08006222   0x08006222   0x000017c0   Data   RO         4571    .constdata          lcd.o
    0x080079e2   0x080079e2   0x00000002   PAD
    0x080079e4   0x080079e4   0x0000000c   Data   RO          221    .conststring        freertos.o
    0x080079f0   0x080079f0   0x00000020   Data   RO         5022    Region$$Table       anon$$obj.o


    Execution Region RW_IRAM1 (Exec base: 0x20000000, Load base: 0x08007a10, Size: 0x00002100, Max: 0x00010000, ABSOLUTE)

    Exec Addr    Load Addr    Size         Type   Attr      Idx    E Section Name        Object

    0x20000000   0x08007a10   0x00000004   Data   RW          222    .data               freertos.o
    0x20000004   0x08007a14   0x00000008   Data   RW          281    .data               fsmc.o
    0x2000000c   0x08007a1c   0x0000000c   Data   RW          560    .data               stm32f1xx_hal.o
    0x20000018   0x08007a28   0x00000004   Data   RW         2750    .data               system_stm32f1xx.o
    0x2000001c   0x08007a2c   0x0000003c   Data   RW         3406    .data               tasks.o
    0x20000058   0x08007a68   0x00000014   Data   RW         3722    .data               timers.o
    0x2000006c   0x08007a7c   0x00000004   Data   RW         3919    .data               cmsis_os2.o
    0x20000070   0x08007a80   0x00000018   Data   RW         4282    .data               heap_4.o
    0x20000088   0x08007a98   0x0000000c   Data   RW         4333    .data               port.o
    0x20000094   0x08007aa4   0x00000008   Data   RW         4572    .data               lcd.o
    0x2000009c        -       0x00000048   Zero   RW          280    .bss                fsmc.o
    0x200000e4        -       0x00000048   Zero   RW          328    .bss                tim.o
    0x2000012c        -       0x00000048   Zero   RW          463    .bss                stm32f1xx_hal_timebase_tim.o
    0x20000174        -       0x00000040   Zero   RW         2989    .bss                queue.o
    0x200001b4        -       0x000004c4   Zero   RW         3405    .bss                tasks.o
    0x20000678        -       0x00000118   Zero   RW         3721    .bss                timers.o
    0x20000790        -       0x000006b8   Zero   RW         3918    .bss                cmsis_os2.o
    0x20000e48        -       0x00000c00   Zero   RW         4281    .bss                heap_4.o
    0x20001a48        -       0x00000056   Zero   RW         4570    .bss                lcd.o
    0x20001a9e   0x08007aac   0x00000002   PAD
    0x20001aa0        -       0x00000060   Zero   RW         4894    .bss                c_w.l(libspace.o)
    0x20001b00        -       0x00000200   Zero   RW            2    HEAP                startup_stm32f103xe.o
    0x20001d00        -       0x00000400   Zero   RW            1    STACK               startup_stm32f103xe.o


==============================================================================

Image component sizes


      Code (inc. data)   RO Data    RW Data    ZI Data      Debug   Object Name

       380         32          0          4       1720      14558   cmsis_os2.o
         0          0          0          0          0      20308   event_groups.o
        40         14         48          4          0       7517   freertos.o
       280         36          0          8         72       2311   fsmc.o
       212         14          0          0          0       1055   gpio.o
       460         24          0         24       3072       4799   heap_4.o
     11586        132       6080          8         86      17009   lcd.o
       138          0          0          0          0       3522   list.o
       350         98          0          0          0     508664   main.o
       662         70          0         12          0      11049   port.o
      1512         20          0          0         64      17208   queue.o
        64         26        304          0       1536        832   startup_stm32f103xe.o
       100         18          0         12          0       5990   stm32f1xx_hal.o
       158         14          0          0          0      28294   stm32f1xx_hal_cortex.o
       514         42          0          0          0       2968   stm32f1xx_hal_gpio.o
        72         10          0          0          0        910   stm32f1xx_hal_msp.o
      1272         82         18          0          0       5294   stm32f1xx_hal_rcc.o
       100          0          0          0          0       1256   stm32f1xx_hal_sram.o
      1714         76          0          0          0      15226   stm32f1xx_hal_tim.o
       128         20          0          0          0       2481   stm32f1xx_hal_tim_ex.o
       152         20          0          0         72       1535   stm32f1xx_hal_timebase_tim.o
        24          6          0          0          0       3155   stm32f1xx_it.o
       232         14          0          0          0       3935   stm32f1xx_ll_fsmc.o
         0          0          0          0          0       8952   stream_buffer.o
         2          0         24          4          0       1179   system_stm32f1xx.o
      2064        170          0         60       1220      23736   tasks.o
       276         32          0          0         72       2388   tim.o
       912         82          0         20        280      26315   timers.o

    ----------------------------------------------------------------------
     23426       1052       6508        156       8196     742446   Object Totals
         0          0         32          0          0          0   (incl. Generated)
        22          0          2          0          2          0   (incl. Padding)

    ----------------------------------------------------------------------

      Code (inc. data)   RO Data    RW Data    ZI Data      Debug   Library Member Name

         8          0          0          0          0         68   __main.o
         0          0          0          0          0          0   __rtentry.o
        12          0          0          0          0          0   __rtentry2.o
         6          0          0          0          0          0   __rtentry4.o
        52          8          0          0          0          0   __scatter.o
        26          0          0          0          0          0   __scatter_copy.o
        28          0          0          0          0          0   __scatter_zi.o
        16          0          0          0          0         68   aeabi_memset.o
        18          0          0          0          0         80   exit.o
         6          0          0          0          0        152   heapauxi.o
         0          0          0          0          0          0   indicate_semi.o
         2          0          0          0          0          0   libinit.o
         2          0          0          0          0          0   libinit2.o
         2          0          0          0          0          0   libshutdown.o
         2          0          0          0          0          0   libshutdown2.o
         8          4          0          0         96         68   libspace.o
        68          0          0          0          0         68   rt_memclr.o
        78          0          0          0          0         80   rt_memclr_w.o
       138          0          0          0          0         68   rt_memcpy_v6.o
       100          0          0          0          0         80   rt_memcpy_w.o
         2          0          0          0          0          0   rtexit.o
        10          0          0          0          0          0   rtexit2.o
        12          4          0          0          0         68   sys_exit.o
        74          0          0          0          0         80   sys_stackheap_outer.o
         2          0          0          0          0         68   use_no_semi.o
        90          4          0          0          0         92   dfixu.o
        38          0          0          0          0         68   dflt_clz.o
       340         12          0          0          0        104   dmul.o
       156          4          0          0          0         92   dnaninf.o
        12          0          0          0          0         68   dretinf.o
         0          0          0          0          0          0   usenofp.o

    ----------------------------------------------------------------------
      1314         36          0          0         96       1372   Library Totals
         6          0          0          0          0          0   (incl. Padding)

    ----------------------------------------------------------------------

      Code (inc. data)   RO Data    RW Data    ZI Data      Debug   Library Name

       672         16          0          0         96        948   c_w.l
       636         20          0          0          0        424   fz_ws.l

    ----------------------------------------------------------------------
      1314         36          0          0         96       1372   Library Totals

    ----------------------------------------------------------------------

==============================================================================


      Code (inc. data)   RO Data    RW Data    ZI Data      Debug   

     24740       1088       6508        156       8292     735910   Grand Totals
     24740       1088       6508        156       8292     735910   ELF Image Totals
     24740       1088       6508        156          0          0   ROM Totals

==============================================================================

    Total RO  Size (Code + RO Data)                31248 (  30.52kB)
    Total RW  Size (RW Data + ZI Data)              8448 (   8.25kB)
    Total ROM Size (Code + RO Data + RW Data)      31404 (  30.67kB)

==============================================================================

